Archive member included to satisfy reference by file (symbol)

/usr/lib/gcc/arm-none-eabi/10.3.1/../../../arm-none-eabi/lib/thumb/v8-m.main+fp/softfp/libm.a(lib_a-wf_sqrt.o)
                              CMakeFiles/pico_vpx.dir/opt/pico-sdk/src/rp2_common/pico_float/float_math.c.o (sqrtf)
/usr/lib/gcc/arm-none-eabi/10.3.1/../../../arm-none-eabi/lib/thumb/v8-m.main+fp/softfp/libm.a(lib_a-ef_sqrt.o)
                              /usr/lib/gcc/arm-none-eabi/10.3.1/../../../arm-none-eabi/lib/thumb/v8-m.main+fp/softfp/libm.a(lib_a-wf_sqrt.o) (__ieee754_sqrtf)
/usr/lib/gcc/arm-none-eabi/10.3.1/../../../arm-none-eabi/lib/thumb/v8-m.main+fp/softfp/libm.a(lib_a-s_lib_ver.o)
                              /usr/lib/gcc/arm-none-eabi/10.3.1/../../../arm-none-eabi/lib/thumb/v8-m.main+fp/softfp/libm.a(lib_a-wf_sqrt.o) (__fdlib_version)
/usr/lib/gcc/arm-none-eabi/10.3.1/thumb/v8-m.main+fp/softfp/libgcc.a(_arm_addsubdf3.o)
                              CMakeFiles/pico_vpx.dir/opt/pico-sdk/src/rp2_common/pico_float/float_math.c.o (__aeabi_f2d)
/usr/lib/gcc/arm-none-eabi/10.3.1/thumb/v8-m.main+fp/softfp/libgcc.a(_aeabi_ldivmod.o)
                              CMakeFiles/pico_vpx.dir/__/FreeRTOS-Kernel/portable/ThirdParty/Community-Supported-Ports/GCC/RP2350_ARM_NTZ/non_secure/port.c.o (__aeabi_ldivmod)
/usr/lib/gcc/arm-none-eabi/10.3.1/thumb/v8-m.main+fp/softfp/libgcc.a(_aeabi_uldivmod.o)
                              CMakeFiles/pico_vpx.dir/opt/pico-sdk/src/rp2_common/hardware_clocks/clocks.c.o (__aeabi_uldivmod)
/usr/lib/gcc/arm-none-eabi/10.3.1/thumb/v8-m.main+fp/softfp/libgcc.a(_udivmoddi4.o)
                              /usr/lib/gcc/arm-none-eabi/10.3.1/thumb/v8-m.main+fp/softfp/libgcc.a(_aeabi_ldivmod.o) (__udivmoddi4)
/usr/lib/gcc/arm-none-eabi/10.3.1/thumb/v8-m.main+fp/softfp/libgcc.a(_dvmd_tls.o)
                              /usr/lib/gcc/arm-none-eabi/10.3.1/thumb/v8-m.main+fp/softfp/libgcc.a(_aeabi_ldivmod.o) (__aeabi_ldiv0)
/usr/lib/gcc/arm-none-eabi/10.3.1/../../../arm-none-eabi/lib/thumb/v8-m.main+fp/softfp/libg.a(lib_a-calloc.o)
                              CMakeFiles/pico_vpx.dir/opt/pico-sdk/src/rp2_common/pico_malloc/malloc.c.o (calloc)
/usr/lib/gcc/arm-none-eabi/10.3.1/../../../arm-none-eabi/lib/thumb/v8-m.main+fp/softfp/libg.a(lib_a-callocr.o)
                              /usr/lib/gcc/arm-none-eabi/10.3.1/../../../arm-none-eabi/lib/thumb/v8-m.main+fp/softfp/libg.a(lib_a-calloc.o) (_calloc_r)
/usr/lib/gcc/arm-none-eabi/10.3.1/../../../arm-none-eabi/lib/thumb/v8-m.main+fp/softfp/libg.a(lib_a-errno.o)
                              /usr/lib/gcc/arm-none-eabi/10.3.1/../../../arm-none-eabi/lib/thumb/v8-m.main+fp/softfp/libm.a(lib_a-wf_sqrt.o) (__errno)
/usr/lib/gcc/arm-none-eabi/10.3.1/../../../arm-none-eabi/lib/thumb/v8-m.main+fp/softfp/libg.a(lib_a-impure.o)
                              /usr/lib/gcc/arm-none-eabi/10.3.1/../../../arm-none-eabi/lib/thumb/v8-m.main+fp/softfp/libg.a(lib_a-calloc.o) (_impure_ptr)
/usr/lib/gcc/arm-none-eabi/10.3.1/../../../arm-none-eabi/lib/thumb/v8-m.main+fp/softfp/libg.a(lib_a-lcltime_r.o)
                              CMakeFiles/pico_vpx.dir/opt/pico-sdk/src/common/pico_util/datetime.c.o (localtime_r)
/usr/lib/gcc/arm-none-eabi/10.3.1/../../../arm-none-eabi/lib/thumb/v8-m.main+fp/softfp/libg.a(lib_a-malloc.o)
                              CMakeFiles/pico_vpx.dir/opt/pico-sdk/src/rp2_common/pico_malloc/malloc.c.o (malloc)
/usr/lib/gcc/arm-none-eabi/10.3.1/../../../arm-none-eabi/lib/thumb/v8-m.main+fp/softfp/libg.a(lib_a-mallocr.o)
                              /usr/lib/gcc/arm-none-eabi/10.3.1/../../../arm-none-eabi/lib/thumb/v8-m.main+fp/softfp/libg.a(lib_a-callocr.o) (_malloc_r)
/usr/lib/gcc/arm-none-eabi/10.3.1/../../../arm-none-eabi/lib/thumb/v8-m.main+fp/softfp/libg.a(lib_a-memcmp.o)
                              CMakeFiles/pico_vpx.dir/opt/pico-sdk/src/rp2_common/pico_atomic/atomic.c.o (memcmp)
/usr/lib/gcc/arm-none-eabi/10.3.1/../../../arm-none-eabi/lib/thumb/v8-m.main+fp/softfp/libg.a(lib_a-memcpy.o)
                              CMakeFiles/pico_vpx.dir/main/main.cpp.o (memcpy)
/usr/lib/gcc/arm-none-eabi/10.3.1/../../../arm-none-eabi/lib/thumb/v8-m.main+fp/softfp/libg.a(lib_a-memmove.o)
                              CMakeFiles/pico_vpx.dir/modules/memory/internal_memory.cpp.o (memmove)
/usr/lib/gcc/arm-none-eabi/10.3.1/../../../arm-none-eabi/lib/thumb/v8-m.main+fp/softfp/libg.a(lib_a-memset.o)
                              CMakeFiles/pico_vpx.dir/modules/memory/internal_memory.cpp.o (memset)
/usr/lib/gcc/arm-none-eabi/10.3.1/../../../arm-none-eabi/lib/thumb/v8-m.main+fp/softfp/libg.a(lib_a-mktime.o)
                              CMakeFiles/pico_vpx.dir/opt/pico-sdk/src/common/pico_util/datetime.c.o (mktime)
/usr/lib/gcc/arm-none-eabi/10.3.1/../../../arm-none-eabi/lib/thumb/v8-m.main+fp/softfp/libg.a(lib_a-mlock.o)
                              /usr/lib/gcc/arm-none-eabi/10.3.1/../../../arm-none-eabi/lib/thumb/v8-m.main+fp/softfp/libg.a(lib_a-mallocr.o) (__malloc_lock)
[...]
Memory Configuration

Name             Origin             Length             Attributes
RAM              0x0000000020000000 0x0000000000080000 xrw
SCRATCH_X        0x0000000020080000 0x0000000000001000 xrw
SCRATCH_Y        0x0000000020081000 0x0000000000001000 xrw
VIRTUAL_RAM      0x0000000020082000 0x0000000002800000 xrw
*default*        0x0000000000000000 0xffffffffffffffff

Linker script and memory map


.vheap          0x0000000020082000        0x0
                0x0000000020082000                __vheap_start = .
 *(.vheap*)
                0x0000000020082000                __vheap_end = .

.text           0x0000000020000000     0x7fbc
                0x0000000020000000                __logical_binary_start = .
 *(.vectors)
 .vectors       0x0000000020000000      0x124 CMakeFiles/pico_vpx.dir/opt/pico-sdk/src/rp2_common/pico_crt0/crt0.S.o
                0x0000000020000000                __vectors
                0x0000000020000000                __VECTOR_TABLE
                0x0000000020000110                isr_securefault
                0x0000000020000110                isr_irq30
                0x0000000020000110                __unhandled_user_irq
                0x0000000020000110                isr_irq49
                0x0000000020000110                isr_irq13
                0x0000000020000110                isr_irq43
                0x0000000020000110                isr_irq45
                0x0000000020000110                isr_irq27
                0x0000000020000110                isr_irq32
                0x0000000020000110                isr_irq31
                0x0000000020000110                isr_irq5
                0x0000000020000110                isr_irq11
                0x0000000020000110                isr_irq23
                0x0000000020000110                isr_usagefault
                0x0000000020000110                isr_irq48
                0x0000000020000110                isr_irq35
                0x0000000020000110                isr_irq18
                0x0000000020000110                isr_irq50
                0x0000000020000110                isr_irq40
                0x0000000020000110                isr_irq28
                0x0000000020000110                isr_irq19
                0x0000000020000110                isr_irq36
                0x0000000020000110                isr_irq41
                0x0000000020000110                isr_irq0
                0x0000000020000110                isr_irq6
                0x0000000020000110                isr_memmanage
                0x0000000020000110                isr_irq37
                0x0000000020000110                isr_irq42
                0x0000000020000110                isr_irq22
                0x0000000020000110                isr_irq17
                0x0000000020000110                isr_irq38
                0x0000000020000110                isr_irq14
                0x0000000020000110                __vectors_end
                0x0000000020000110                __default_isrs_start
                0x0000000020000110                isr_irq2
                0x0000000020000110                isr_irq10
                0x0000000020000110                isr_irq8
                0x0000000020000110                isr_debugmonitor
                0x0000000020000110                isr_irq24
                0x0000000020000110                isr_irq46
                0x0000000020000110                isr_irq1
                0x0000000020000110                isr_irq47
                0x0000000020000110                isr_irq51
                0x0000000020000110                isr_irq7
                0x0000000020000110                isr_irq21
                0x0000000020000110                isr_irq39
                0x0000000020000110                isr_irq20
                0x0000000020000110                isr_irq15
                0x0000000020000110                isr_irq25
                0x0000000020000110                isr_irq34
                0x0000000020000110                isr_irq4
                0x0000000020000110                isr_busfault
                0x0000000020000110                isr_irq16
                0x0000000020000110                isr_irq44
                0x0000000020000110                isr_irq29
                0x0000000020000110                isr_irq26
                0x0000000020000110                isr_irq33
                0x0000000020000110                isr_irq3
                0x0000000020000110                isr_irq12
                0x0000000020000110                isr_irq9
                0x0000000020000116                unhandled_user_irq_num_in_r0
                0x0000000020000118                isr_invalid
                0x000000002000011a                isr_nmi
                0x000000002000011c                isr_hardfault
                0x000000002000011e                isr_svcall
                0x0000000020000120                isr_pendsv
                0x0000000020000122                isr_systick
                0x0000000020000124                __default_isrs_end
 *(.binary_info_header)
 .binary_info_header
                0x0000000020000124       0x24 CMakeFiles/pico_vpx.dir/opt/pico-sdk/src/rp2_common/pico_standard_binary_info/standard_binary_info.c.o
 .binary_info_header
                0x0000000020000148       0x14 CMakeFiles/pico_vpx.dir/opt/pico-sdk/src/rp2_common/pico_crt0/crt0.S.o
                0x000000002000015c                __binary_info_header_end = .
 *(.embedded_block)
 .embedded_block
                0x000000002000015c       0x1c CMakeFiles/pico_vpx.dir/opt/pico-sdk/src/rp2_common/pico_crt0/crt0.S.o
                0x0000000020000178                __embedded_block_end = .
                0x0000000020000178                __reset_start = .
 *(.reset)
 .reset         0x0000000020000178       0xa4 CMakeFiles/pico_vpx.dir/opt/pico-sdk/src/rp2_common/pico_crt0/crt0.S.o
                0x0000000020000178                _entry_point
                0x000000002000021c                __reset_end = .
 *(.time_critical*)
 .time_critical.mutex_try_enter_block_until
                0x000000002000021c       0xb0 CMakeFiles/pico_vpx.dir/opt/pico-sdk/src/common/pico_sync/mutex.c.o
                0x000000002000021c                mutex_try_enter_block_until
 .time_critical.mutex_exit
                0x00000000200002cc       0x34 CMakeFiles/pico_vpx.dir/opt/pico-sdk/src/common/pico_sync/mutex.c.o
                0x00000000200002cc                mutex_exit
 .time_critical.reset_non_control_endpoints
                0x0000000020000300       0x64 CMakeFiles/pico_vpx.dir/opt/pico-sdk/lib/tinyusb/src/portable/raspberrypi/rp2040/dcd_rp2040.c.o
 .time_critical.hw_handle_buff_status
                0x0000000020000364       0xa0 CMakeFiles/pico_vpx.dir/opt/pico-sdk/lib/tinyusb/src/portable/raspberrypi/rp2040/dcd_rp2040.c.o
 .time_critical.dcd_rp2040_irq
                0x0000000020000404      0x4f8 CMakeFiles/pico_vpx.dir/opt/pico-sdk/lib/tinyusb/src/portable/raspberrypi/rp2040/dcd_rp2040.c.o
 .time_critical.prepare_ep_buffer
                0x00000000200008fc       0xc8 CMakeFiles/pico_vpx.dir/opt/pico-sdk/lib/tinyusb/src/portable/raspberrypi/rp2040/rp2040_usb.c.o
 .time_critical.sync_ep_buffer
                0x00000000200009c4       0xb8 CMakeFiles/pico_vpx.dir/opt/pico-sdk/lib/tinyusb/src/portable/raspberrypi/rp2040/rp2040_usb.c.o
 .time_critical._hw_endpoint_xfer_sync
                0x0000000020000a7c       0x2c CMakeFiles/pico_vpx.dir/opt/pico-sdk/lib/tinyusb/src/portable/raspberrypi/rp2040/rp2040_usb.c.o
 .time_critical.e15_is_bulkin_ep
                0x0000000020000aa8       0x28 CMakeFiles/pico_vpx.dir/opt/pico-sdk/lib/tinyusb/src/portable/raspberrypi/rp2040/rp2040_usb.c.o
 .time_critical.e15_is_critical_frame_period
                0x0000000020000ad0       0x28 CMakeFiles/pico_vpx.dir/opt/pico-sdk/lib/tinyusb/src/portable/raspberrypi/rp2040/rp2040_usb.c.o
 .time_critical.hw_endpoint_reset_transfer
                0x0000000020000af8        0xc CMakeFiles/pico_vpx.dir/opt/pico-sdk/lib/tinyusb/src/portable/raspberrypi/rp2040/rp2040_usb.c.o
                0x0000000020000af8                hw_endpoint_reset_transfer
 .time_critical._hw_endpoint_buffer_control_update32
                0x0000000020000b04       0x44 CMakeFiles/pico_vpx.dir/opt/pico-sdk/lib/tinyusb/src/portable/raspberrypi/rp2040/rp2040_usb.c.o
                0x0000000020000b04                _hw_endpoint_buffer_control_update32
 .time_critical.hw_endpoint_start_next_buffer
                0x0000000020000b48       0x64 CMakeFiles/pico_vpx.dir/opt/pico-sdk/lib/tinyusb/src/portable/raspberrypi/rp2040/rp2040_usb.c.o
                0x0000000020000b48                hw_endpoint_start_next_buffer
 .time_critical.hw_endpoint_xfer_continue
                0x0000000020000bac       0x40 CMakeFiles/pico_vpx.dir/opt/pico-sdk/lib/tinyusb/src/portable/raspberrypi/rp2040/rp2040_usb.c.o
                0x0000000020000bac                hw_endpoint_xfer_continue
 .time_critical.tinyusb
                0x0000000020000bec      0x224 CMakeFiles/pico_vpx.dir/opt/pico-sdk/lib/tinyusb/src/device/usbd.c.o
                0x0000000020000bec                dcd_event_handler
 *(.text*)
 .text._Z11client_taskPv
                0x0000000020000e10       0x1c CMakeFiles/pico_vpx.dir/main/client_map.cpp.o
                0x0000000020000e10                client_task(void*)
 .text._Z17start_client_taskv
                0x0000000020000e2c       0x34 CMakeFiles/pico_vpx.dir/main/client_map.cpp.o
                0x0000000020000e2c                start_client_task()
 .text.startup.main
                0x0000000020000e60       0x6c CMakeFiles/pico_vpx.dir/main/main.cpp.o
                0x0000000020000e60                main
 .text.startup._GLOBAL__sub_I_external_memory
                0x0000000020000ecc       0x1c CMakeFiles/pico_vpx.dir/main/main.cpp.o
 .text._Z15usb_device_taskPv
                0x0000000020000ee8       0x10 CMakeFiles/pico_vpx.dir/modules/communication/usb_comm.cpp.o
                0x0000000020000ee8                usb_device_task(void*)
 .text._Z14usb_comm_setupv
                0x0000000020000ef8       0x3c CMakeFiles/pico_vpx.dir/modules/communication/usb_comm.cpp.o
                0x0000000020000ef8                usb_comm_setup()
 .text.tud_vendor_rx_cb
                0x0000000020000f34       0xf4 CMakeFiles/pico_vpx.dir/modules/communication/usb_comm.cpp.o
                0x0000000020000f34                tud_vendor_rx_cb
 .text._ZN14ExternalMemoryC2EP3VMMm
                0x0000000020001028       0x24 CMakeFiles/pico_vpx.dir/modules/memory/external_memory_usb.cpp.o
                0x0000000020001028                ExternalMemory::ExternalMemory(VMM*, unsigned long)
                0x0000000020001028                ExternalMemory::ExternalMemory(VMM*, unsigned long)
 .text._ZN14ExternalMemory30get_memory_request_sram_bufferEv
                0x000000002000104c        0x4 CMakeFiles/pico_vpx.dir/modules/memory/external_memory_usb.cpp.o
                0x000000002000104c                ExternalMemory::get_memory_request_sram_buffer()
 .text._ZN14ExternalMemory17notify_completionEv
                0x0000000020001050       0x28 CMakeFiles/pico_vpx.dir/modules/memory/external_memory_usb.cpp.o
                0x0000000020001050                ExternalMemory::notify_completion()
 .text._ZN3VMMC2Ev
                0x0000000020001078       0x74 CMakeFiles/pico_vpx.dir/modules/memory/internal_memory.cpp.o
                0x0000000020001078                VMM::VMM()
                0x0000000020001078                VMM::VMM()
 .text.tud_descriptor_device_cb
                0x00000000200010ec        0x8 CMakeFiles/pico_vpx.dir/usb_descriptors.c.o
                0x00000000200010ec                tud_descriptor_device_cb
 .text.tud_descriptor_configuration_cb
                0x00000000200010f4        0x8 CMakeFiles/pico_vpx.dir/usb_descriptors.c.o
                0x00000000200010f4                tud_descriptor_configuration_cb
 .text.tud_descriptor_string_cb
                0x00000000200010fc       0x6c CMakeFiles/pico_vpx.dir/usb_descriptors.c.o
                0x00000000200010fc                tud_descriptor_string_cb
 .text.prvDoorbellInterruptHandler
                0x0000000020001168       0x30 CMakeFiles/pico_vpx.dir/__/FreeRTOS-Kernel/portable/ThirdParty/Community-Supported-Ports/GCC/RP2350_ARM_NTZ/non_secure/port.c.o
 .text.prvTaskExitError
                0x0000000020001198       0x18 CMakeFiles/pico_vpx.dir/__/FreeRTOS-Kernel/portable/ThirdParty/Community-Supported-Ports/GCC/RP2350_ARM_NTZ/non_secure/port.c.o
 .text.SysTick_Handler
                0x00000000200011b0       0x24 CMakeFiles/pico_vpx.dir/__/FreeRTOS-Kernel/portable/ThirdParty/Community-Supported-Ports/GCC/RP2350_ARM_NTZ/non_secure/port.c.o
                0x00000000200011b0                SysTick_Handler
 .text.vPortSetupTimerInterrupt
                0x00000000200011d4       0x2c CMakeFiles/pico_vpx.dir/__/FreeRTOS-Kernel/portable/ThirdParty/Community-Supported-Ports/GCC/RP2350_ARM_NTZ/non_secure/port.c.o
                0x00000000200011d4                vPortSetupTimerInterrupt
 .text.xPortStartSchedulerOnCore.isra.0
                0x0000000020001200      0x10c CMakeFiles/pico_vpx.dir/__/FreeRTOS-Kernel/portable/ThirdParty/Community-Supported-Ports/GCC/RP2350_ARM_NTZ/non_secure/port.c.o
 .text.prvDisableInterruptsAndPortStartSchedulerOnCore
                0x000000002000130c       0x10 CMakeFiles/pico_vpx.dir/__/FreeRTOS-Kernel/portable/ThirdParty/Community-Supported-Ports/GCC/RP2350_ARM_NTZ/non_secure/port.c.o
 .text.vPortYield
                0x000000002000131c       0x18 CMakeFiles/pico_vpx.dir/__/FreeRTOS-Kernel/portable/ThirdParty/Community-Supported-Ports/GCC/RP2350_ARM_NTZ/non_secure/port.c.o
                0x000000002000131c                vPortYield
 .text.vPortSVCHandler_C
                0x0000000020001334       0x2c CMakeFiles/pico_vpx.dir/__/FreeRTOS-Kernel/portable/ThirdParty/Community-Supported-Ports/GCC/RP2350_ARM_NTZ/non_secure/port.c.o
                0x0000000020001334                vPortSVCHandler_C
 .text.pxPortInitialiseStack
                0x0000000020001360       0x7c CMakeFiles/pico_vpx.dir/__/FreeRTOS-Kernel/portable/ThirdParty/Community-Supported-Ports/GCC/RP2350_ARM_NTZ/non_secure/port.c.o
                0x0000000020001360                pxPortInitialiseStack
 .text.xPortStartScheduler
                0x00000000200013dc       0x50 CMakeFiles/pico_vpx.dir/__/FreeRTOS-Kernel/portable/ThirdParty/Community-Supported-Ports/GCC/RP2350_ARM_NTZ/non_secure/port.c.o
                0x00000000200013dc                xPortStartScheduler
 .text.vPortValidateInterruptPriority
                0x000000002000142c       0x14 CMakeFiles/pico_vpx.dir/__/FreeRTOS-Kernel/portable/ThirdParty/Community-Supported-Ports/GCC/RP2350_ARM_NTZ/non_secure/port.c.o
                0x000000002000142c                vPortValidateInterruptPriority
 .text.ulPortLockGetCurrentOwnerId
                0x0000000020001440       0x2c CMakeFiles/pico_vpx.dir/__/FreeRTOS-Kernel/portable/ThirdParty/Community-Supported-Ports/GCC/RP2350_ARM_NTZ/non_secure/port.c.o
                0x0000000020001440                ulPortLockGetCurrentOwnerId
 .text.vPortLockInternalSpinUnlockWithNotify
                0x000000002000146c       0x94 CMakeFiles/pico_vpx.dir/__/FreeRTOS-Kernel/portable/ThirdParty/Community-Supported-Ports/GCC/RP2350_ARM_NTZ/non_secure/port.c.o
                0x000000002000146c                vPortLockInternalSpinUnlockWithNotify
 .text.xPortLockInternalSpinUnlockWithBestEffortWaitOrTimeout
                0x0000000020001500       0xec CMakeFiles/pico_vpx.dir/__/FreeRTOS-Kernel/portable/ThirdParty/Community-Supported-Ports/GCC/RP2350_ARM_NTZ/non_secure/port.c.o
                0x0000000020001500                xPortLockInternalSpinUnlockWithBestEffortWaitOrTimeout
 .text.startup.prvRuntimeInitializer
                0x00000000200015ec       0x10 CMakeFiles/pico_vpx.dir/__/FreeRTOS-Kernel/portable/ThirdParty/Community-Supported-Ports/GCC/RP2350_ARM_NTZ/non_secure/port.c.o
 .text.vYieldCore
                0x00000000200015fc       0x18 CMakeFiles/pico_vpx.dir/__/FreeRTOS-Kernel/portable/ThirdParty/Community-Supported-Ports/GCC/RP2350_ARM_NTZ/non_secure/port.c.o
                0x00000000200015fc                vYieldCore
 *fill*         0x0000000020001614        0xc 
 .text.vRestoreContextOfFirstTask
                0x0000000020001620       0x38 CMakeFiles/pico_vpx.dir/__/FreeRTOS-Kernel/portable/ThirdParty/Community-Supported-Ports/GCC/RP2350_ARM_NTZ/non_secure/portasm.c.o
                0x0000000020001620                vRestoreContextOfFirstTask
 .text.vStartFirstTask
                0x0000000020001658       0x10 CMakeFiles/pico_vpx.dir/__/FreeRTOS-Kernel/portable/ThirdParty/Community-Supported-Ports/GCC/RP2350_ARM_NTZ/non_secure/portasm.c.o
                0x0000000020001658                vStartFirstTask
 .text.ulSetInterruptMask
                0x0000000020001668       0x18 CMakeFiles/pico_vpx.dir/__/FreeRTOS-Kernel/portable/ThirdParty/Community-Supported-Ports/GCC/RP2350_ARM_NTZ/non_secure/portasm.c.o
                0x0000000020001668                ulSetInterruptMask
 .text.vClearInterruptMask
                0x0000000020001680       0x10 CMakeFiles/pico_vpx.dir/__/FreeRTOS-Kernel/portable/ThirdParty/Community-Supported-Ports/GCC/RP2350_ARM_NTZ/non_secure/portasm.c.o
                0x0000000020001680                vClearInterruptMask
 .text.PendSV_Handler
                0x0000000020001690       0x98 CMakeFiles/pico_vpx.dir/__/FreeRTOS-Kernel/portable/ThirdParty/Community-Supported-Ports/GCC/RP2350_ARM_NTZ/non_secure/portasm.c.o
                0x0000000020001690                PendSV_Handler
 .text.SVC_Handler
                0x0000000020001728       0x18 CMakeFiles/pico_vpx.dir/__/FreeRTOS-Kernel/portable/ThirdParty/Community-Supported-Ports/GCC/RP2350_ARM_NTZ/non_secure/portasm.c.o
                0x0000000020001728                SVC_Handler
 .text.vEventGroupSetBitsCallback
                0x0000000020001740       0x64 CMakeFiles/pico_vpx.dir/__/FreeRTOS-Kernel/event_groups.c.o
                0x0000000020001740                vEventGroupSetBitsCallback
 .text.xEventGroupCreate
                0x00000000200017a4       0x1c CMakeFiles/pico_vpx.dir/__/FreeRTOS-Kernel/event_groups.c.o
                0x00000000200017a4                xEventGroupCreate
 .text.xEventGroupWaitBits
                0x00000000200017c0       0xb4 CMakeFiles/pico_vpx.dir/__/FreeRTOS-Kernel/event_groups.c.o
                0x00000000200017c0                xEventGroupWaitBits
 .text.xEventGroupSetBits
                0x0000000020001874       0x68 CMakeFiles/pico_vpx.dir/__/FreeRTOS-Kernel/event_groups.c.o
                0x0000000020001874                xEventGroupSetBits
 .text.xEventGroupSetBitsFromISR
                0x00000000200018dc       0x1c CMakeFiles/pico_vpx.dir/__/FreeRTOS-Kernel/event_groups.c.o
                0x00000000200018dc                xEventGroupSetBitsFromISR
 .text.vListInitialise
                0x00000000200018f8       0x18 CMakeFiles/pico_vpx.dir/__/FreeRTOS-Kernel/list.c.o
                0x00000000200018f8                vListInitialise
 .text.vListInitialiseItem
                0x0000000020001910        0x8 CMakeFiles/pico_vpx.dir/__/FreeRTOS-Kernel/list.c.o
                0x0000000020001910                vListInitialiseItem
 .text.vListInsertEnd
                0x0000000020001918       0x20 CMakeFiles/pico_vpx.dir/__/FreeRTOS-Kernel/list.c.o
                0x0000000020001918                vListInsertEnd
 .text.vListInsert
                0x0000000020001938       0x30 CMakeFiles/pico_vpx.dir/__/FreeRTOS-Kernel/list.c.o
                0x0000000020001938                vListInsert
 .text.uxListRemove
                0x0000000020001968       0x28 CMakeFiles/pico_vpx.dir/__/FreeRTOS-Kernel/list.c.o
                0x0000000020001968                uxListRemove
 .text.prvCopyDataToQueue
                0x0000000020001990       0x70 CMakeFiles/pico_vpx.dir/__/FreeRTOS-Kernel/queue.c.o
 .text.prvUnlockQueue
                0x0000000020001a00      0x140 CMakeFiles/pico_vpx.dir/__/FreeRTOS-Kernel/queue.c.o
 .text.prvNotifyQueueSetContainer
                0x0000000020001b40       0x8c CMakeFiles/pico_vpx.dir/__/FreeRTOS-Kernel/queue.c.o
 .text.xQueueGenericCreate
                0x0000000020001bcc       0x80 CMakeFiles/pico_vpx.dir/__/FreeRTOS-Kernel/queue.c.o
                0x0000000020001bcc                xQueueGenericCreate
 .text.xQueueGenericSend
                0x0000000020001c4c      0x120 CMakeFiles/pico_vpx.dir/__/FreeRTOS-Kernel/queue.c.o
                0x0000000020001c4c                xQueueGenericSend
 .text.xQueueCreateMutex
                0x0000000020001d6c       0x70 CMakeFiles/pico_vpx.dir/__/FreeRTOS-Kernel/queue.c.o
                0x0000000020001d6c                xQueueCreateMutex
 .text.xQueueGenericSendFromISR
                0x0000000020001ddc       0xac CMakeFiles/pico_vpx.dir/__/FreeRTOS-Kernel/queue.c.o
                0x0000000020001ddc                xQueueGenericSendFromISR
 .text.xQueueReceive
                0x0000000020001e88      0x104 CMakeFiles/pico_vpx.dir/__/FreeRTOS-Kernel/queue.c.o
                0x0000000020001e88                xQueueReceive
 .text.xQueueSemaphoreTake
                0x0000000020001f8c      0x150 CMakeFiles/pico_vpx.dir/__/FreeRTOS-Kernel/queue.c.o
                0x0000000020001f8c                xQueueSemaphoreTake
 .text.uxQueueMessagesWaiting
                0x00000000200020dc       0x18 CMakeFiles/pico_vpx.dir/__/FreeRTOS-Kernel/queue.c.o
                0x00000000200020dc                uxQueueMessagesWaiting
 *fill*         0x00000000200020f4        0x4 
 .text.vQueueDelete
                0x00000000200020f8       0x74 CMakeFiles/pico_vpx.dir/__/FreeRTOS-Kernel/queue.c.o
                0x00000000200020f8                vQueueDelete
 .text.vQueueAddToRegistry
                0x000000002000216c      0x120 CMakeFiles/pico_vpx.dir/__/FreeRTOS-Kernel/queue.c.o
                0x000000002000216c                vQueueAddToRegistry
 .text.vQueueWaitForMessageRestricted
                0x000000002000228c       0x50 CMakeFiles/pico_vpx.dir/__/FreeRTOS-Kernel/queue.c.o
                0x000000002000228c                vQueueWaitForMessageRestricted
 .text.prvPassiveIdleTask
                0x00000000200022dc       0x20 CMakeFiles/pico_vpx.dir/__/FreeRTOS-Kernel/tasks.c.o
 .text.prvYieldForTask
                0x00000000200022fc       0xcc CMakeFiles/pico_vpx.dir/__/FreeRTOS-Kernel/tasks.c.o
 .text.xTaskIncrementTick.part.0
                0x00000000200023c8      0x210 CMakeFiles/pico_vpx.dir/__/FreeRTOS-Kernel/tasks.c.o
 .text.prvCheckForRunStateChange
                0x00000000200025d8      0x150 CMakeFiles/pico_vpx.dir/__/FreeRTOS-Kernel/tasks.c.o
 .text.vTaskSuspendAll.part.0
                0x0000000020002728       0xfc CMakeFiles/pico_vpx.dir/__/FreeRTOS-Kernel/tasks.c.o
 .text.prvAddCurrentTaskToDelayedList
                0x0000000020002824      0x13c CMakeFiles/pico_vpx.dir/__/FreeRTOS-Kernel/tasks.c.o
 .text.vTaskCoreAffinitySet
                0x0000000020002960      0x20c CMakeFiles/pico_vpx.dir/__/FreeRTOS-Kernel/tasks.c.o
                0x0000000020002960                vTaskCoreAffinitySet
 .text.vTaskResume
                0x0000000020002b6c      0x1ec CMakeFiles/pico_vpx.dir/__/FreeRTOS-Kernel/tasks.c.o
                0x0000000020002b6c                vTaskResume
 .text.vTaskSuspendAll
                0x0000000020002d58       0x10 CMakeFiles/pico_vpx.dir/__/FreeRTOS-Kernel/tasks.c.o
                0x0000000020002d58                vTaskSuspendAll
 .text.xTaskGetTickCount
                0x0000000020002d68        0xc CMakeFiles/pico_vpx.dir/__/FreeRTOS-Kernel/tasks.c.o
                0x0000000020002d68                xTaskGetTickCount
 .text.uxTaskGetNumberOfTasks
                0x0000000020002d74        0xc CMakeFiles/pico_vpx.dir/__/FreeRTOS-Kernel/tasks.c.o
                0x0000000020002d74                uxTaskGetNumberOfTasks
 .text.xTaskIncrementTick
                0x0000000020002d80       0x20 CMakeFiles/pico_vpx.dir/__/FreeRTOS-Kernel/tasks.c.o
                0x0000000020002d80                xTaskIncrementTick
 .text.vTaskSwitchContext
                0x0000000020002da0      0x2ec CMakeFiles/pico_vpx.dir/__/FreeRTOS-Kernel/tasks.c.o
                0x0000000020002da0                vTaskSwitchContext
 .text.vTaskPlaceOnEventList
                0x000000002000308c       0x34 CMakeFiles/pico_vpx.dir/__/FreeRTOS-Kernel/tasks.c.o
                0x000000002000308c                vTaskPlaceOnEventList
 .text.vTaskPlaceOnUnorderedEventList
                0x00000000200030c0       0xa0 CMakeFiles/pico_vpx.dir/__/FreeRTOS-Kernel/tasks.c.o
                0x00000000200030c0                vTaskPlaceOnUnorderedEventList
 .text.vTaskPlaceOnEventListRestricted
                0x0000000020003160       0x9c CMakeFiles/pico_vpx.dir/__/FreeRTOS-Kernel/tasks.c.o
                0x0000000020003160                vTaskPlaceOnEventListRestricted
 .text.xTaskRemoveFromEventList
                0x00000000200031fc       0xc8 CMakeFiles/pico_vpx.dir/__/FreeRTOS-Kernel/tasks.c.o
                0x00000000200031fc                xTaskRemoveFromEventList
 .text.vTaskInternalSetTimeOutState
                0x00000000200032c4       0x18 CMakeFiles/pico_vpx.dir/__/FreeRTOS-Kernel/tasks.c.o
                0x00000000200032c4                vTaskInternalSetTimeOutState
 .text.vTaskMissedYield
                0x00000000200032dc       0x14 CMakeFiles/pico_vpx.dir/__/FreeRTOS-Kernel/tasks.c.o
                0x00000000200032dc                vTaskMissedYield
 .text.xTaskGetCurrentTaskHandle
                0x00000000200032f0       0x20 CMakeFiles/pico_vpx.dir/__/FreeRTOS-Kernel/tasks.c.o
                0x00000000200032f0                xTaskGetCurrentTaskHandle
 .text.xTaskPriorityInherit
                0x0000000020003310      0x100 CMakeFiles/pico_vpx.dir/__/FreeRTOS-Kernel/tasks.c.o
                0x0000000020003310                xTaskPriorityInherit
 .text.xTaskPriorityDisinherit
                0x0000000020003410       0xc4 CMakeFiles/pico_vpx.dir/__/FreeRTOS-Kernel/tasks.c.o
                0x0000000020003410                xTaskPriorityDisinherit
 .text.vTaskPriorityDisinheritAfterTimeout
                0x00000000200034d4       0xc8 CMakeFiles/pico_vpx.dir/__/FreeRTOS-Kernel/tasks.c.o
                0x00000000200034d4                vTaskPriorityDisinheritAfterTimeout
 .text.vTaskYieldWithinAPI
                0x000000002000359c       0x44 CMakeFiles/pico_vpx.dir/__/FreeRTOS-Kernel/tasks.c.o
                0x000000002000359c                vTaskYieldWithinAPI
 .text.vTaskEnterCritical
                0x00000000200035e0      0x104 CMakeFiles/pico_vpx.dir/__/FreeRTOS-Kernel/tasks.c.o
                0x00000000200035e0                vTaskEnterCritical
 .text.vTaskEnterCriticalFromISR
                0x00000000200036e4       0x90 CMakeFiles/pico_vpx.dir/__/FreeRTOS-Kernel/tasks.c.o
                0x00000000200036e4                vTaskEnterCriticalFromISR
 .text.vTaskExitCritical
                0x0000000020003774       0x90 CMakeFiles/pico_vpx.dir/__/FreeRTOS-Kernel/tasks.c.o
                0x0000000020003774                vTaskExitCritical
 .text.prvAddNewTaskToReadyList
                0x0000000020003804       0xec CMakeFiles/pico_vpx.dir/__/FreeRTOS-Kernel/tasks.c.o
 .text.xTaskCreate
                0x00000000200038f0      0x180 CMakeFiles/pico_vpx.dir/__/FreeRTOS-Kernel/tasks.c.o
                0x00000000200038f0                xTaskCreate
 .text.xTaskCreateAffinitySet
                0x0000000020003a70      0x17c CMakeFiles/pico_vpx.dir/__/FreeRTOS-Kernel/tasks.c.o
                0x0000000020003a70                xTaskCreateAffinitySet
 .text.vTaskStartScheduler
                0x0000000020003bec      0x124 CMakeFiles/pico_vpx.dir/__/FreeRTOS-Kernel/tasks.c.o
                0x0000000020003bec                vTaskStartScheduler
 .text.vTaskDelete
                0x0000000020003d10      0x13c CMakeFiles/pico_vpx.dir/__/FreeRTOS-Kernel/tasks.c.o
                0x0000000020003d10                vTaskDelete
 .text.vTaskSuspend
                0x0000000020003e4c      0x10c CMakeFiles/pico_vpx.dir/__/FreeRTOS-Kernel/tasks.c.o
                0x0000000020003e4c                vTaskSuspend
 .text.xTaskResumeAll.part.0
                0x0000000020003f58      0x180 CMakeFiles/pico_vpx.dir/__/FreeRTOS-Kernel/tasks.c.o
 .text.xTaskResumeAll
                0x00000000200040d8       0x10 CMakeFiles/pico_vpx.dir/__/FreeRTOS-Kernel/tasks.c.o
                0x00000000200040d8                xTaskResumeAll
 .text.vTaskRemoveFromUnorderedEventList
                0x00000000200040e8       0x90 CMakeFiles/pico_vpx.dir/__/FreeRTOS-Kernel/tasks.c.o
                0x00000000200040e8                vTaskRemoveFromUnorderedEventList
 .text.xTaskCheckForTimeOut
                0x0000000020004178       0xb8 CMakeFiles/pico_vpx.dir/__/FreeRTOS-Kernel/tasks.c.o
                0x0000000020004178                xTaskCheckForTimeOut
 .text.prvIdleTask
                0x0000000020004230      0x198 CMakeFiles/pico_vpx.dir/__/FreeRTOS-Kernel/tasks.c.o
 .text.vTaskExitCriticalFromISR
                0x00000000200043c8       0x60 CMakeFiles/pico_vpx.dir/__/FreeRTOS-Kernel/tasks.c.o
                0x00000000200043c8                vTaskExitCriticalFromISR
 .text.uxTaskResetEventItemValue
                0x0000000020004428       0x44 CMakeFiles/pico_vpx.dir/__/FreeRTOS-Kernel/tasks.c.o
                0x0000000020004428                uxTaskResetEventItemValue
 .text.pvTaskIncrementMutexHeldCount
                0x000000002000446c       0x28 CMakeFiles/pico_vpx.dir/__/FreeRTOS-Kernel/tasks.c.o
                0x000000002000446c                pvTaskIncrementMutexHeldCount
 .text.vTaskGenericNotifyGiveFromISR
                0x0000000020004494      0x1b4 CMakeFiles/pico_vpx.dir/__/FreeRTOS-Kernel/tasks.c.o
                0x0000000020004494                vTaskGenericNotifyGiveFromISR
 .text.prvTimerTask
                0x0000000020004648      0x340 CMakeFiles/pico_vpx.dir/__/FreeRTOS-Kernel/timers.c.o
 .text.xTimerCreateTimerTask
                0x0000000020004988       0x8c CMakeFiles/pico_vpx.dir/__/FreeRTOS-Kernel/timers.c.o
                0x0000000020004988                xTimerCreateTimerTask
 .text.xTimerPendFunctionCallFromISR
                0x0000000020004a14       0x30 CMakeFiles/pico_vpx.dir/__/FreeRTOS-Kernel/timers.c.o
                0x0000000020004a14                xTimerPendFunctionCallFromISR
 .text.clock_configure_undivided
                0x0000000020004a44       0xd0 CMakeFiles/pico_vpx.dir/opt/pico-sdk/src/rp2_common/hardware_clocks/clocks.c.o
                0x0000000020004a44                clock_configure_undivided
 .text.clock_get_hz
                0x0000000020004b14        0xc CMakeFiles/pico_vpx.dir/opt/pico-sdk/src/rp2_common/hardware_clocks/clocks.c.o
                0x0000000020004b14                clock_get_hz
 .text.panic    0x0000000020004b20       0x30 CMakeFiles/pico_vpx.dir/opt/pico-sdk/src/rp2_common/pico_platform_panic/panic.c.o
                0x0000000020004b20                panic
 .text.hw_claim_lock
                0x0000000020004b50       0x24 CMakeFiles/pico_vpx.dir/opt/pico-sdk/src/common/hardware_claim/claim.c.o
                0x0000000020004b50                hw_claim_lock
 .text.hw_claim_unlock
                0x0000000020004b74       0x14 CMakeFiles/pico_vpx.dir/opt/pico-sdk/src/common/hardware_claim/claim.c.o
                0x0000000020004b74                hw_claim_unlock
 .text.hw_claim_or_assert
                0x0000000020004b88       0x5c CMakeFiles/pico_vpx.dir/opt/pico-sdk/src/common/hardware_claim/claim.c.o
                0x0000000020004b88                hw_claim_or_assert
 .text.next_striped_spin_lock_num
                0x0000000020004be4       0x18 CMakeFiles/pico_vpx.dir/opt/pico-sdk/src/rp2_common/hardware_sync/sync.c.o
                0x0000000020004be4                next_striped_spin_lock_num
 .text.spin_lock_claim
                0x0000000020004bfc       0x14 CMakeFiles/pico_vpx.dir/opt/pico-sdk/src/rp2_common/hardware_sync/sync.c.o
                0x0000000020004bfc                spin_lock_claim
 .text.spinlock_set_extexclall
                0x0000000020004c10       0x10 CMakeFiles/pico_vpx.dir/opt/pico-sdk/src/rp2_common/hardware_sync_spin_lock/sync_spin_lock.c.o
 .text.spin_locks_reset
                0x0000000020004c20       0x18 CMakeFiles/pico_vpx.dir/opt/pico-sdk/src/rp2_common/hardware_sync_spin_lock/sync_spin_lock.c.o
                0x0000000020004c20                spin_locks_reset
 .text.runtime_init_per_core_irq_priorities
                0x0000000020004c38       0x40 CMakeFiles/pico_vpx.dir/opt/pico-sdk/src/rp2_common/hardware_irq/irq.c.o
                0x0000000020004c38                runtime_init_per_core_irq_priorities
 .text.irq_set_enabled
                0x0000000020004c78       0x2c CMakeFiles/pico_vpx.dir/opt/pico-sdk/src/rp2_common/hardware_irq/irq.c.o
                0x0000000020004c78                irq_set_enabled
 .text.irq_is_enabled
                0x0000000020004ca4       0x20 CMakeFiles/pico_vpx.dir/opt/pico-sdk/src/rp2_common/hardware_irq/irq.c.o
                0x0000000020004ca4                irq_is_enabled
 .text.irq_set_exclusive_handler
                0x0000000020004cc4       0x60 CMakeFiles/pico_vpx.dir/opt/pico-sdk/src/rp2_common/hardware_irq/irq.c.o
                0x0000000020004cc4                irq_set_exclusive_handler
 .text.irq_add_shared_handler
                0x0000000020004d24      0x1e8 CMakeFiles/pico_vpx.dir/opt/pico-sdk/src/rp2_common/hardware_irq/irq.c.o
                0x0000000020004d24                irq_add_shared_handler
 .text.irq_set_priority
                0x0000000020004f0c       0x28 CMakeFiles/pico_vpx.dir/opt/pico-sdk/src/rp2_common/hardware_irq/irq.c.o
                0x0000000020004f0c                irq_set_priority
 .text.irq_add_tail_to_free_list
                0x0000000020004f34       0xbc CMakeFiles/pico_vpx.dir/opt/pico-sdk/src/rp2_common/hardware_irq/irq.c.o
                0x0000000020004f34                irq_add_tail_to_free_list
 .text.lock_init
                0x0000000020004ff0        0xc CMakeFiles/pico_vpx.dir/opt/pico-sdk/src/common/pico_sync/lock_core.c.o
                0x0000000020004ff0                lock_init
 .text.runtime_init_mutex
                0x0000000020004ffc       0x64 CMakeFiles/pico_vpx.dir/opt/pico-sdk/src/common/pico_sync/mutex.c.o
                0x0000000020004ffc                runtime_init_mutex
 .text.alarm_pool_irq_handler
                0x0000000020005060      0x300 CMakeFiles/pico_vpx.dir/opt/pico-sdk/src/common/pico_time/time.c.o
 .text.sleep_until_callback
                0x0000000020005360       0x34 CMakeFiles/pico_vpx.dir/opt/pico-sdk/src/common/pico_time/time.c.o
 .text.runtime_init_default_alarm_pool
                0x0000000020005394      0x100 CMakeFiles/pico_vpx.dir/opt/pico-sdk/src/common/pico_time/time.c.o
                0x0000000020005394                runtime_init_default_alarm_pool
 .text.alarm_pool_add_alarm_at_force_in_context
                0x0000000020005494       0xc4 CMakeFiles/pico_vpx.dir/opt/pico-sdk/src/common/pico_time/time.c.o
                0x0000000020005494                alarm_pool_add_alarm_at_force_in_context
 .text.alarm_pool_cancel_alarm
                0x0000000020005558       0x80 CMakeFiles/pico_vpx.dir/opt/pico-sdk/src/common/pico_time/time.c.o
                0x0000000020005558                alarm_pool_cancel_alarm
 .text.best_effort_wfe_or_timeout
                0x00000000200055d8       0xdc CMakeFiles/pico_vpx.dir/opt/pico-sdk/src/common/pico_time/time.c.o
                0x00000000200055d8                best_effort_wfe_or_timeout
 .text.timer_hardware_alarm_claim
                0x00000000200056b4       0x24 CMakeFiles/pico_vpx.dir/opt/pico-sdk/src/rp2_common/hardware_timer/timer.c.o
                0x00000000200056b4                timer_hardware_alarm_claim
 .text.timer_time_us_64
                0x00000000200056d8       0x10 CMakeFiles/pico_vpx.dir/opt/pico-sdk/src/rp2_common/hardware_timer/timer.c.o
                0x00000000200056d8                timer_time_us_64
 .text.time_us_64
                0x00000000200056e8       0x14 CMakeFiles/pico_vpx.dir/opt/pico-sdk/src/rp2_common/hardware_timer/timer.c.o
                0x00000000200056e8                time_us_64
 .text.pll_init
                0x00000000200056fc       0x8c CMakeFiles/pico_vpx.dir/opt/pico-sdk/src/rp2_common/hardware_pll/pll.c.o
                0x00000000200056fc                pll_init
 .text.tick_start
                0x0000000020005788       0x18 CMakeFiles/pico_vpx.dir/opt/pico-sdk/src/rp2_common/hardware_ticks/ticks.c.o
                0x0000000020005788                tick_start
 .text.rom_func_lookup
                0x00000000200057a0       0x18 CMakeFiles/pico_vpx.dir/opt/pico-sdk/src/rp2_common/pico_bootrom/bootrom.c.o
                0x00000000200057a0                rom_func_lookup
 .text.runtime_init_bootrom_locking_enable
                0x00000000200057b8       0x14 CMakeFiles/pico_vpx.dir/opt/pico-sdk/src/rp2_common/pico_bootrom/bootrom_lock.c.o
                0x00000000200057b8                runtime_init_bootrom_locking_enable
 .text.runtime_init_boot_locks_reset
                0x00000000200057cc       0x1c CMakeFiles/pico_vpx.dir/opt/pico-sdk/src/rp2_common/hardware_boot_lock/boot_lock.c.o
                0x00000000200057cc                runtime_init_boot_locks_reset
 .text.xosc_init
                0x00000000200057e8       0x30 CMakeFiles/pico_vpx.dir/opt/pico-sdk/src/rp2_common/hardware_xosc/xosc.c.o
                0x00000000200057e8                xosc_init
 .text.exception_set_exclusive_handler
                0x0000000020005818       0x4c CMakeFiles/pico_vpx.dir/opt/pico-sdk/src/rp2_common/hardware_exception/exception.c.o
                0x0000000020005818                exception_set_exclusive_handler
 .text.core1_trampoline
                0x0000000020005864        0x4 CMakeFiles/pico_vpx.dir/opt/pico-sdk/src/rp2_common/pico_multicore/multicore.c.o
 .text.core1_wrapper
                0x0000000020005868       0x10 CMakeFiles/pico_vpx.dir/opt/pico-sdk/src/rp2_common/pico_multicore/multicore.c.o
                0x0000000020005868                core1_wrapper
 .text.multicore_reset_core1
                0x0000000020005878       0x68 CMakeFiles/pico_vpx.dir/opt/pico-sdk/src/rp2_common/pico_multicore/multicore.c.o
                0x0000000020005878                multicore_reset_core1
 .text.multicore_launch_core1_raw
                0x00000000200058e0       0x88 CMakeFiles/pico_vpx.dir/opt/pico-sdk/src/rp2_common/pico_multicore/multicore.c.o
                0x00000000200058e0                multicore_launch_core1_raw
 .text.multicore_launch_core1
                0x0000000020005968       0x44 CMakeFiles/pico_vpx.dir/opt/pico-sdk/src/rp2_common/pico_multicore/multicore.c.o
                0x0000000020005968                multicore_launch_core1
 .text.multicore_doorbell_claim_unused
                0x00000000200059ac       0xf8 CMakeFiles/pico_vpx.dir/opt/pico-sdk/src/rp2_common/pico_multicore/multicore.c.o
                0x00000000200059ac                multicore_doorbell_claim_unused
 .text.pvPortMalloc
                0x0000000020005aa4      0x108 CMakeFiles/pico_vpx.dir/__/FreeRTOS-Kernel/portable/MemMang/heap_4.c.o
                0x0000000020005aa4                pvPortMalloc
 .text.vPortFree
                0x0000000020005bac       0x94 CMakeFiles/pico_vpx.dir/__/FreeRTOS-Kernel/portable/MemMang/heap_4.c.o
                0x0000000020005bac                vPortFree
 .text.first_per_core_initializer
                0x0000000020005c40        0x4 CMakeFiles/pico_vpx.dir/opt/pico-sdk/src/rp2_common/pico_runtime/runtime.c.o
 .text.hard_assertion_failure
                0x0000000020005c44        0xc CMakeFiles/pico_vpx.dir/opt/pico-sdk/src/rp2_common/pico_runtime/runtime.c.o
                0x0000000020005c44                hard_assertion_failure
 .text.runtime_run_initializers
                0x0000000020005c50       0x20 CMakeFiles/pico_vpx.dir/opt/pico-sdk/src/rp2_common/pico_runtime/runtime.c.o
                0x0000000020005c50                runtime_run_initializers
 .text.runtime_run_per_core_initializers
                0x0000000020005c70       0x20 CMakeFiles/pico_vpx.dir/opt/pico-sdk/src/rp2_common/pico_runtime/runtime.c.o
                0x0000000020005c70                runtime_run_per_core_initializers
 .text.runtime_init_early_resets
                0x0000000020005c90       0x34 CMakeFiles/pico_vpx.dir/opt/pico-sdk/src/rp2_common/pico_runtime_init/runtime_init.c.o
                0x0000000020005c90                runtime_init_early_resets
 .text.runtime_init_usb_power_down
                0x0000000020005cc4       0x1c CMakeFiles/pico_vpx.dir/opt/pico-sdk/src/rp2_common/pico_runtime_init/runtime_init.c.o
                0x0000000020005cc4                runtime_init_usb_power_down
 .text.runtime_init_per_core_enable_coprocessors
                0x0000000020005ce0       0x1c CMakeFiles/pico_vpx.dir/opt/pico-sdk/src/rp2_common/pico_runtime_init/runtime_init.c.o
                0x0000000020005ce0                runtime_init_per_core_enable_coprocessors
 .text.runtime_init_post_clock_resets
                0x0000000020005cfc       0x20 CMakeFiles/pico_vpx.dir/opt/pico-sdk/src/rp2_common/pico_runtime_init/runtime_init.c.o
                0x0000000020005cfc                runtime_init_post_clock_resets
 .text.runtime_init_bootrom_reset
                0x0000000020005d1c       0x14 CMakeFiles/pico_vpx.dir/opt/pico-sdk/src/rp2_common/pico_runtime_init/runtime_init.c.o
                0x0000000020005d1c                runtime_init_bootrom_reset
 .text.runtime_init_per_core_bootrom_reset
                0x0000000020005d30       0x14 CMakeFiles/pico_vpx.dir/opt/pico-sdk/src/rp2_common/pico_runtime_init/runtime_init.c.o
                0x0000000020005d30                runtime_init_per_core_bootrom_reset
 .text.runtime_init_spin_locks_reset
                0x0000000020005d44        0x4 CMakeFiles/pico_vpx.dir/opt/pico-sdk/src/rp2_common/pico_runtime_init/runtime_init.c.o
                0x0000000020005d44                runtime_init_spin_locks_reset
 .text.runtime_init_clocks
                0x0000000020005d48       0xdc CMakeFiles/pico_vpx.dir/opt/pico-sdk/src/rp2_common/pico_runtime_init/runtime_init_clocks.c.o
                0x0000000020005d48                runtime_init_clocks
 .text._out_char
                0x0000000020005e24        0x8 CMakeFiles/pico_vpx.dir/opt/pico-sdk/src/rp2_common/pico_printf/printf.c.o
 .text.weak_raw_vprintf
                0x0000000020005e2c       0x30 CMakeFiles/pico_vpx.dir/opt/pico-sdk/src/rp2_common/pico_printf/printf.c.o
                0x0000000020005e2c                weak_raw_vprintf
 .text._exit    0x0000000020005e5c        0x4 CMakeFiles/pico_vpx.dir/opt/pico-sdk/src/rp2_common/pico_clib_interface/newlib_interface.c.o
                0x0000000020005e5c                _exit
 .text.exit     0x0000000020005e60        0x8 CMakeFiles/pico_vpx.dir/opt/pico-sdk/src/rp2_common/pico_clib_interface/newlib_interface.c.o
                0x0000000020005e60                exit
 .text.runtime_init
                0x0000000020005e68       0x24 CMakeFiles/pico_vpx.dir/opt/pico-sdk/src/rp2_common/pico_clib_interface/newlib_interface.c.o
                0x0000000020005e68                runtime_init
 .text.stdio_out_chars_no_crlf
                0x0000000020005e8c        0x8 CMakeFiles/pico_vpx.dir/opt/pico-sdk/src/rp2_common/pico_stdio/stdio.c.o
 .text.stdio_out_chars_crlf
                0x0000000020005e94       0xac CMakeFiles/pico_vpx.dir/opt/pico-sdk/src/rp2_common/pico_stdio/stdio.c.o
 .text.stdio_put_string
                0x0000000020005f40       0xe8 CMakeFiles/pico_vpx.dir/opt/pico-sdk/src/rp2_common/pico_stdio/stdio.c.o
                0x0000000020005f40                stdio_put_string
 .text.__wrap_putchar
                0x0000000020006028       0x7c CMakeFiles/pico_vpx.dir/opt/pico-sdk/src/rp2_common/pico_stdio/stdio.c.o
                0x0000000020006028                stdio_putchar
                0x0000000020006028                __wrap_putchar
 .text.__wrap_puts
                0x00000000200060a4       0x3c CMakeFiles/pico_vpx.dir/opt/pico-sdk/src/rp2_common/pico_stdio/stdio.c.o
                0x00000000200060a4                __wrap_puts
                0x00000000200060a4                stdio_puts
 .text.startup._retrieve_unique_id_on_boot
                0x00000000200060e0       0x30 CMakeFiles/pico_vpx.dir/opt/pico-sdk/src/rp2_common/pico_unique_id/unique_id.c.o
 .text.dcd_init
                0x0000000020006110       0x94 CMakeFiles/pico_vpx.dir/opt/pico-sdk/lib/tinyusb/src/portable/raspberrypi/rp2040/dcd_rp2040.c.o
                0x0000000020006110                dcd_init
 .text.dcd_int_enable
                0x00000000200061a4        0x8 CMakeFiles/pico_vpx.dir/opt/pico-sdk/lib/tinyusb/src/portable/raspberrypi/rp2040/dcd_rp2040.c.o
                0x00000000200061a4                dcd_int_enable
 .text.dcd_set_address
                0x00000000200061ac       0x10 CMakeFiles/pico_vpx.dir/opt/pico-sdk/lib/tinyusb/src/portable/raspberrypi/rp2040/dcd_rp2040.c.o
                0x00000000200061ac                dcd_set_address
 .text.dcd_sof_enable
                0x00000000200061bc       0x1c CMakeFiles/pico_vpx.dir/opt/pico-sdk/lib/tinyusb/src/portable/raspberrypi/rp2040/dcd_rp2040.c.o
                0x00000000200061bc                dcd_sof_enable
 .text.dcd_edpt0_status_complete
                0x00000000200061d8       0x1c CMakeFiles/pico_vpx.dir/opt/pico-sdk/lib/tinyusb/src/portable/raspberrypi/rp2040/dcd_rp2040.c.o
                0x00000000200061d8                dcd_edpt0_status_complete
 .text.dcd_edpt_open
                0x00000000200061f4      0x110 CMakeFiles/pico_vpx.dir/opt/pico-sdk/lib/tinyusb/src/portable/raspberrypi/rp2040/dcd_rp2040.c.o
                0x00000000200061f4                dcd_edpt_open
 .text.dcd_edpt_close_all
                0x0000000020006304        0x4 CMakeFiles/pico_vpx.dir/opt/pico-sdk/lib/tinyusb/src/portable/raspberrypi/rp2040/dcd_rp2040.c.o
                0x0000000020006304                dcd_edpt_close_all
 .text.dcd_edpt_xfer
                0x0000000020006308       0x28 CMakeFiles/pico_vpx.dir/opt/pico-sdk/lib/tinyusb/src/portable/raspberrypi/rp2040/dcd_rp2040.c.o
                0x0000000020006308                dcd_edpt_xfer
 .text.dcd_edpt_stall
                0x0000000020006330       0x30 CMakeFiles/pico_vpx.dir/opt/pico-sdk/lib/tinyusb/src/portable/raspberrypi/rp2040/dcd_rp2040.c.o
                0x0000000020006330                dcd_edpt_stall
 .text.dcd_edpt_clear_stall
                0x0000000020006360       0x2c CMakeFiles/pico_vpx.dir/opt/pico-sdk/lib/tinyusb/src/portable/raspberrypi/rp2040/dcd_rp2040.c.o
                0x0000000020006360                dcd_edpt_clear_stall
 .text.rp2040_usb_init
                0x000000002000638c       0x40 CMakeFiles/pico_vpx.dir/opt/pico-sdk/lib/tinyusb/src/portable/raspberrypi/rp2040/rp2040_usb.c.o
                0x000000002000638c                rp2040_usb_init
 .text.hw_endpoint_xfer_start
                0x00000000200063cc       0x4c CMakeFiles/pico_vpx.dir/opt/pico-sdk/lib/tinyusb/src/portable/raspberrypi/rp2040/rp2040_usb.c.o
                0x00000000200063cc                hw_endpoint_xfer_start
 .text.tud_vendor_control_xfer_cb
                0x0000000020006418        0x4 CMakeFiles/pico_vpx.dir/opt/pico-sdk/lib/tinyusb/src/device/usbd.c.o
                0x0000000020006418                tud_vendor_control_xfer_cb
 .text.configuration_reset
                0x000000002000641c       0x8c CMakeFiles/pico_vpx.dir/opt/pico-sdk/lib/tinyusb/src/device/usbd.c.o
 .text.tud_event_hook_cb
                0x00000000200064a8        0x4 CMakeFiles/pico_vpx.dir/opt/pico-sdk/lib/tinyusb/src/device/usbd.c.o
                0x00000000200064a8                tud_event_hook_cb
 .text.tud_sof_cb
                0x00000000200064ac        0x4 CMakeFiles/pico_vpx.dir/opt/pico-sdk/lib/tinyusb/src/device/usbd.c.o
                0x00000000200064ac                tud_sof_cb
 .text.tud_descriptor_bos_cb
                0x00000000200064b0        0x4 CMakeFiles/pico_vpx.dir/opt/pico-sdk/lib/tinyusb/src/device/usbd.c.o
                0x00000000200064b0                tud_descriptor_bos_cb
 .text.tud_descriptor_device_qualifier_cb
                0x00000000200064b4        0x4 CMakeFiles/pico_vpx.dir/opt/pico-sdk/lib/tinyusb/src/device/usbd.c.o
                0x00000000200064b4                tud_descriptor_device_qualifier_cb
 .text.tud_descriptor_other_speed_configuration_cb
                0x00000000200064b8        0x4 CMakeFiles/pico_vpx.dir/opt/pico-sdk/lib/tinyusb/src/device/usbd.c.o
                0x00000000200064b8                tud_descriptor_other_speed_configuration_cb
 .text.tud_mount_cb
                0x00000000200064bc        0x4 CMakeFiles/pico_vpx.dir/opt/pico-sdk/lib/tinyusb/src/device/usbd.c.o
                0x00000000200064bc                tud_mount_cb
 .text.tud_umount_cb
                0x00000000200064c0        0x4 CMakeFiles/pico_vpx.dir/opt/pico-sdk/lib/tinyusb/src/device/usbd.c.o
                0x00000000200064c0                tud_umount_cb
 .text.tud_suspend_cb
                0x00000000200064c4        0x4 CMakeFiles/pico_vpx.dir/opt/pico-sdk/lib/tinyusb/src/device/usbd.c.o
                0x00000000200064c4                tud_suspend_cb
 .text.tud_resume_cb
                0x00000000200064c8        0x4 CMakeFiles/pico_vpx.dir/opt/pico-sdk/lib/tinyusb/src/device/usbd.c.o
                0x00000000200064c8                tud_resume_cb
 .text.tud_rhport_init
                0x00000000200064cc      0x108 CMakeFiles/pico_vpx.dir/opt/pico-sdk/lib/tinyusb/src/device/usbd.c.o
                0x00000000200064cc                tud_rhport_init
 .text.tud_task_ext
                0x00000000200065d4      0x77c CMakeFiles/pico_vpx.dir/opt/pico-sdk/lib/tinyusb/src/device/usbd.c.o
                0x00000000200065d4                tud_task_ext
 .text.usbd_edpt_open
                0x0000000020006d50       0x44 CMakeFiles/pico_vpx.dir/opt/pico-sdk/lib/tinyusb/src/device/usbd.c.o
                0x0000000020006d50                usbd_edpt_open
 .text.usbd_edpt_claim
                0x0000000020006d94       0x24 CMakeFiles/pico_vpx.dir/opt/pico-sdk/lib/tinyusb/src/device/usbd.c.o
                0x0000000020006d94                usbd_edpt_claim
 .text.usbd_edpt_release
                0x0000000020006db8       0x24 CMakeFiles/pico_vpx.dir/opt/pico-sdk/lib/tinyusb/src/device/usbd.c.o
                0x0000000020006db8                usbd_edpt_release
 .text.usbd_edpt_xfer
                0x0000000020006ddc       0x70 CMakeFiles/pico_vpx.dir/opt/pico-sdk/lib/tinyusb/src/device/usbd.c.o
                0x0000000020006ddc                usbd_edpt_xfer
 .text.tud_control_status
                0x0000000020006e4c       0x34 CMakeFiles/pico_vpx.dir/opt/pico-sdk/lib/tinyusb/src/device/usbd_control.c.o
                0x0000000020006e4c                tud_control_status
 .text.tud_control_xfer
                0x0000000020006e80       0xcc CMakeFiles/pico_vpx.dir/opt/pico-sdk/lib/tinyusb/src/device/usbd_control.c.o
                0x0000000020006e80                tud_control_xfer
 .text.usbd_control_reset
                0x0000000020006f4c       0x14 CMakeFiles/pico_vpx.dir/opt/pico-sdk/lib/tinyusb/src/device/usbd_control.c.o
                0x0000000020006f4c                usbd_control_reset
 .text.usbd_control_set_complete_callback
                0x0000000020006f60        0xc CMakeFiles/pico_vpx.dir/opt/pico-sdk/lib/tinyusb/src/device/usbd_control.c.o
                0x0000000020006f60                usbd_control_set_complete_callback
 .text.usbd_control_set_request
                0x0000000020006f6c       0x1c CMakeFiles/pico_vpx.dir/opt/pico-sdk/lib/tinyusb/src/device/usbd_control.c.o
                0x0000000020006f6c                usbd_control_set_request
 .text.usbd_control_xfer_cb
                0x0000000020006f88      0x110 CMakeFiles/pico_vpx.dir/opt/pico-sdk/lib/tinyusb/src/device/usbd_control.c.o
                0x0000000020006f88                usbd_control_xfer_cb
 .text.vendord_init
                0x0000000020007098       0x5c CMakeFiles/pico_vpx.dir/opt/pico-sdk/lib/tinyusb/src/class/vendor/vendor_device.c.o
                0x0000000020007098                vendord_init
 .text.vendord_deinit
                0x00000000200070f4       0x1c CMakeFiles/pico_vpx.dir/opt/pico-sdk/lib/tinyusb/src/class/vendor/vendor_device.c.o
                0x00000000200070f4                vendord_deinit
 .text.vendord_reset
                0x0000000020007110       0x2c CMakeFiles/pico_vpx.dir/opt/pico-sdk/lib/tinyusb/src/class/vendor/vendor_device.c.o
                0x0000000020007110                vendord_reset
 .text.vendord_open
                0x000000002000713c      0x124 CMakeFiles/pico_vpx.dir/opt/pico-sdk/lib/tinyusb/src/class/vendor/vendor_device.c.o
                0x000000002000713c                vendord_open
 .text.vendord_xfer_cb
                0x0000000020007260       0x90 CMakeFiles/pico_vpx.dir/opt/pico-sdk/lib/tinyusb/src/class/vendor/vendor_device.c.o
                0x0000000020007260                vendord_xfer_cb
 .text.tusb_rhport_init
                0x00000000200072f0       0x7c CMakeFiles/pico_vpx.dir/opt/pico-sdk/lib/tinyusb/src/tusb.c.o
                0x00000000200072f0                tusb_rhport_init
 .text.tu_edpt_claim
                0x000000002000736c       0x58 CMakeFiles/pico_vpx.dir/opt/pico-sdk/lib/tinyusb/src/tusb.c.o
                0x000000002000736c                tu_edpt_claim
 .text.tu_edpt_release
                0x00000000200073c4       0x3c CMakeFiles/pico_vpx.dir/opt/pico-sdk/lib/tinyusb/src/tusb.c.o
                0x00000000200073c4                tu_edpt_release
 .text.tu_edpt_validate
                0x0000000020007400       0x68 CMakeFiles/pico_vpx.dir/opt/pico-sdk/lib/tinyusb/src/tusb.c.o
                0x0000000020007400                tu_edpt_validate
 .text.tu_edpt_bind_driver
                0x0000000020007468       0x58 CMakeFiles/pico_vpx.dir/opt/pico-sdk/lib/tinyusb/src/tusb.c.o
                0x0000000020007468                tu_edpt_bind_driver
 .text.tu_edpt_stream_init
                0x00000000200074c0       0x54 CMakeFiles/pico_vpx.dir/opt/pico-sdk/lib/tinyusb/src/tusb.c.o
                0x00000000200074c0                tu_edpt_stream_init
 .text.tu_edpt_stream_deinit
                0x0000000020007514       0x18 CMakeFiles/pico_vpx.dir/opt/pico-sdk/lib/tinyusb/src/tusb.c.o
                0x0000000020007514                tu_edpt_stream_deinit
 .text.tu_edpt_stream_write_zlp_if_needed
                0x000000002000752c       0x68 CMakeFiles/pico_vpx.dir/opt/pico-sdk/lib/tinyusb/src/tusb.c.o
                0x000000002000752c                tu_edpt_stream_write_zlp_if_needed
 .text.tu_edpt_stream_write_xfer
                0x0000000020007594       0x74 CMakeFiles/pico_vpx.dir/opt/pico-sdk/lib/tinyusb/src/tusb.c.o
                0x0000000020007594                tu_edpt_stream_write_xfer
 .text.tu_edpt_stream_read_xfer
                0x0000000020007608       0xd4 CMakeFiles/pico_vpx.dir/opt/pico-sdk/lib/tinyusb/src/tusb.c.o
                0x0000000020007608                tu_edpt_stream_read_xfer
 .text.tu_fifo_config
                0x00000000200076dc       0x70 CMakeFiles/pico_vpx.dir/opt/pico-sdk/lib/tinyusb/src/common/tusb_fifo.c.o
                0x00000000200076dc                tu_fifo_config
 .text.tu_fifo_count
                0x000000002000774c       0x20 CMakeFiles/pico_vpx.dir/opt/pico-sdk/lib/tinyusb/src/common/tusb_fifo.c.o
                0x000000002000774c                tu_fifo_count
 .text.tu_fifo_remaining
                0x000000002000776c       0x24 CMakeFiles/pico_vpx.dir/opt/pico-sdk/lib/tinyusb/src/common/tusb_fifo.c.o
                0x000000002000776c                tu_fifo_remaining
 .text.tu_fifo_read_n
                0x0000000020007790       0xdc CMakeFiles/pico_vpx.dir/opt/pico-sdk/lib/tinyusb/src/common/tusb_fifo.c.o
                0x0000000020007790                tu_fifo_read_n
 .text.tu_fifo_write_n
                0x000000002000786c      0x164 CMakeFiles/pico_vpx.dir/opt/pico-sdk/lib/tinyusb/src/common/tusb_fifo.c.o
                0x000000002000786c                tu_fifo_write_n
 .text.tu_fifo_clear
                0x00000000200079d0       0x40 CMakeFiles/pico_vpx.dir/opt/pico-sdk/lib/tinyusb/src/common/tusb_fifo.c.o
                0x00000000200079d0                tu_fifo_clear
 .text          0x0000000020007a10       0xa0 /usr/lib/gcc/arm-none-eabi/10.3.1/thumb/v8-m.main+fp/softfp/libgcc.a(_aeabi_ldivmod.o)
                0x0000000020007a10                __aeabi_ldivmod
 .text          0x0000000020007ab0       0x30 /usr/lib/gcc/arm-none-eabi/10.3.1/thumb/v8-m.main+fp/softfp/libgcc.a(_aeabi_uldivmod.o)
                0x0000000020007ab0                __aeabi_uldivmod
 .text          0x0000000020007ae0      0x2ec /usr/lib/gcc/arm-none-eabi/10.3.1/thumb/v8-m.main+fp/softfp/libgcc.a(_udivmoddi4.o)
                0x0000000020007ae0                __udivmoddi4
 .text          0x0000000020007dcc        0x4 /usr/lib/gcc/arm-none-eabi/10.3.1/thumb/v8-m.main+fp/softfp/libgcc.a(_dvmd_tls.o)
                0x0000000020007dcc                __aeabi_ldiv0
                0x0000000020007dcc                __aeabi_idiv0
 .text          0x0000000020007dd0       0xec /usr/lib/gcc/arm-none-eabi/10.3.1/../../../arm-none-eabi/lib/thumb/v8-m.main+fp/softfp/libg.a(lib_a-memcpy.o)
                0x0000000020007dd0                memcpy
 .text          0x0000000020007ebc       0xa4 /usr/lib/gcc/arm-none-eabi/10.3.1/../../../arm-none-eabi/lib/thumb/v8-m.main+fp/softfp/libg.a(lib_a-memset.o)
                0x0000000020007ebc                memset
 .text          0x0000000020007f60       0x5c /usr/lib/gcc/arm-none-eabi/10.3.1/../../../arm-none-eabi/lib/thumb/v8-m.main+fp/softfp/libg.a(lib_a-strlen-stub.o)
                0x0000000020007f60                strlen
                0x0000000020007fbc                . = ALIGN (0x4)
 *(.init)
 *(.fini)
 *crtbegin.o(.ctors)
 *crtbegin?.o(.ctors)
 *(EXCLUDE_FILE(*crtend.o *crtend?.o) .ctors)
 *(SORT_BY_NAME(.ctors.*))
 *(.ctors)
 *crtbegin.o(.dtors)
 *crtbegin?.o(.dtors)
 *(EXCLUDE_FILE(*crtend.o *crtend?.o) .dtors)
 *(SORT_BY_NAME(.dtors.*))
 *(.dtors)
 *(.eh_frame*)

.glue_7         0x0000000020007fbc        0x0
 .glue_7        0x0000000020007fbc        0x0 linker stubs

.glue_7t        0x0000000020007fbc        0x0
 .glue_7t       0x0000000020007fbc        0x0 linker stubs

.vfp11_veneer   0x0000000020007fbc        0x0
 .vfp11_veneer  0x0000000020007fbc        0x0 linker stubs

.v4_bx          0x0000000020007fbc        0x0
 .v4_bx         0x0000000020007fbc        0x0 linker stubs

.iplt           0x0000000020007fbc        0x0
 .iplt          0x0000000020007fbc        0x0 CMakeFiles/pico_vpx.dir/main/client_map.cpp.o

.rodata         0x0000000020007fbc      0x1b8
                0x0000000020007fbc                . = ALIGN (0x4)
 *(.rodata*)
 .rodata._Z17start_client_taskv.str1.4
                0x0000000020007fbc        0xc CMakeFiles/pico_vpx.dir/main/client_map.cpp.o
 .rodata._Z14usb_comm_setupv.str1.4
                0x0000000020007fc8        0x5 CMakeFiles/pico_vpx.dir/modules/communication/usb_comm.cpp.o
 *fill*         0x0000000020007fcd        0x3 
 .rodata.str1.4
                0x0000000020007fd0       0x1c CMakeFiles/pico_vpx.dir/usb_descriptors.c.o
 .rodata.__compound_literal.0
                0x0000000020007fec        0x2 CMakeFiles/pico_vpx.dir/usb_descriptors.c.o
 *fill*         0x0000000020007fee        0x2 
 .rodata.desc_device
                0x0000000020007ff0       0x12 CMakeFiles/pico_vpx.dir/usb_descriptors.c.o
                0x0000000020007ff0                desc_device
 *fill*         0x0000000020008002        0x2 
 .rodata.xTimerCreateTimerTask.str1.4
                0x0000000020008004       0x10 CMakeFiles/pico_vpx.dir/__/FreeRTOS-Kernel/timers.c.o
 .rodata.panic.str1.4
                0x0000000020008014       0x12 CMakeFiles/pico_vpx.dir/opt/pico-sdk/src/rp2_common/pico_platform_panic/panic.c.o
 *fill*         0x0000000020008026        0x2 
 .rodata.spin_lock_claim.str1.4
                0x0000000020008028       0x1f CMakeFiles/pico_vpx.dir/opt/pico-sdk/src/rp2_common/hardware_sync/sync.c.o
 *fill*         0x0000000020008047        0x1 
 .rodata.timer_hardware_alarm_claim.str1.4
                0x0000000020008048       0x22 CMakeFiles/pico_vpx.dir/opt/pico-sdk/src/rp2_common/hardware_timer/timer.c.o
 *fill*         0x000000002000806a        0x2 
 .rodata.multicore_doorbell_claim_unused.str1.4
                0x000000002000806c       0x12 CMakeFiles/pico_vpx.dir/opt/pico-sdk/src/rp2_common/pico_multicore/multicore.c.o
 *fill*         0x000000002000807e        0x2 
 .rodata.hard_assertion_failure.str1.4
                0x0000000020008080        0xc CMakeFiles/pico_vpx.dir/opt/pico-sdk/src/rp2_common/pico_runtime/runtime.c.o
 .rodata.str1.4
                0x000000002000808c       0x30 CMakeFiles/pico_vpx.dir/opt/pico-sdk/src/rp2_common/pico_standard_binary_info/standard_binary_info.c.o
 .rodata.__bi_48
                0x00000000200080bc        0xc CMakeFiles/pico_vpx.dir/opt/pico-sdk/src/rp2_common/pico_standard_binary_info/standard_binary_info.c.o
 .rodata.__bi_84
                0x00000000200080c8        0xc CMakeFiles/pico_vpx.dir/opt/pico-sdk/src/rp2_common/pico_standard_binary_info/standard_binary_info.c.o
 .rodata.crlf_str.0
                0x00000000200080d4        0x2 CMakeFiles/pico_vpx.dir/opt/pico-sdk/src/rp2_common/pico_stdio/stdio.c.o
 *fill*         0x00000000200080d6        0x2 
 .rodata.str1.4
                0x00000000200080d8       0x14 CMakeFiles/pico_vpx.dir/opt/pico-sdk/lib/tinyusb/src/portable/raspberrypi/rp2040/dcd_rp2040.c.o
 .rodata.str1.4
                0x00000000200080ec       0x48 CMakeFiles/pico_vpx.dir/opt/pico-sdk/lib/tinyusb/src/portable/raspberrypi/rp2040/rp2040_usb.c.o
 .rodata.str1.4
                0x0000000020008134        0xb CMakeFiles/pico_vpx.dir/opt/pico-sdk/lib/tinyusb/src/device/usbd.c.o
 *fill*         0x000000002000813f        0x1 
 .rodata._usbd_driver
                0x0000000020008140       0x20 CMakeFiles/pico_vpx.dir/opt/pico-sdk/lib/tinyusb/src/device/usbd.c.o
 .rodata        0x0000000020008160        0x2 CMakeFiles/pico_vpx.dir/opt/pico-sdk/lib/tinyusb/src/tusb.c.o
 *fill*         0x0000000020008162        0x2 
 .rodata.str1.4
                0x0000000020008164        0x4 CMakeFiles/pico_vpx.dir/opt/pico-sdk/lib/tinyusb/hw/bsp/rp2040/family.c.o
 .rodata.__bi_153.0
                0x0000000020008168        0xc CMakeFiles/pico_vpx.dir/opt/pico-sdk/lib/tinyusb/hw/bsp/rp2040/family.c.o
 *(.srodata*)
                0x0000000020008174                . = ALIGN (0x4)
 *(SORT_BY_ALIGNMENT(SORT_BY_NAME(.flashdata*)))
                0x0000000020008174                . = ALIGN (0x4)

.ARM.extab
 *(.ARM.extab* .gnu.linkonce.armextab.*)
                0x0000000020008174                __exidx_start = .

.ARM.exidx      0x0000000020008174        0x8
 *(.ARM.exidx* .gnu.linkonce.armexidx.*)
 .ARM.exidx     0x0000000020008174        0x8 /usr/lib/gcc/arm-none-eabi/10.3.1/thumb/v8-m.main+fp/softfp/libgcc.a(_udivmoddi4.o)
                0x000000002000817c                __exidx_end = .
                0x000000002000817c                . = ALIGN (0x4)
                0x000000002000817c                __binary_info_start = .

.binary_info    0x000000002000817c       0x18
 *(.binary_info.keep.*)
 .binary_info.keep.__bi_ptr34
                0x000000002000817c        0x4 CMakeFiles/pico_vpx.dir/opt/pico-sdk/src/rp2_common/pico_standard_binary_info/standard_binary_info.c.o
 .binary_info.keep.__bi_ptr42
                0x0000000020008180        0x4 CMakeFiles/pico_vpx.dir/opt/pico-sdk/src/rp2_common/pico_standard_binary_info/standard_binary_info.c.o
 .binary_info.keep.__bi_ptr48
                0x0000000020008184        0x4 CMakeFiles/pico_vpx.dir/opt/pico-sdk/src/rp2_common/pico_standard_binary_info/standard_binary_info.c.o
 .binary_info.keep.__bi_ptr54
                0x0000000020008188        0x4 CMakeFiles/pico_vpx.dir/opt/pico-sdk/src/rp2_common/pico_standard_binary_info/standard_binary_info.c.o
 .binary_info.keep.__bi_ptr84
                0x000000002000818c        0x4 CMakeFiles/pico_vpx.dir/opt/pico-sdk/src/rp2_common/pico_standard_binary_info/standard_binary_info.c.o
 .binary_info.keep.__bi_ptr153
                0x0000000020008190        0x4 CMakeFiles/pico_vpx.dir/opt/pico-sdk/lib/tinyusb/hw/bsp/rp2040/family.c.o
 *(.binary_info.*)
                0x0000000020008194                __binary_info_end = .
                0x0000000020008194                . = ALIGN (0x4)

.data           0x0000000020008194      0x104
                0x0000000020008194                __data_start__ = .
 *(vtable)
 *(.data*)
 .data.desc_configuration
                0x0000000020008194       0x20 CMakeFiles/pico_vpx.dir/usb_descriptors.c.o
 .data.string_desc_arr
                0x00000000200081b4       0x10 CMakeFiles/pico_vpx.dir/usb_descriptors.c.o
                0x00000000200081b4                string_desc_arr
 .data.cDoorbellNum
                0x00000000200081c4        0x1 CMakeFiles/pico_vpx.dir/__/FreeRTOS-Kernel/portable/ThirdParty/Community-Supported-Ports/GCC/RP2350_ARM_NTZ/non_secure/port.c.o
 .data.ucPrimaryCoreNum
                0x00000000200081c5        0x1 CMakeFiles/pico_vpx.dir/__/FreeRTOS-Kernel/portable/ThirdParty/Community-Supported-Ports/GCC/RP2350_ARM_NTZ/non_secure/port.c.o
 *fill*         0x00000000200081c6        0x2 
 .data.uxTopUsedPriority
                0x00000000200081c8        0x4 CMakeFiles/pico_vpx.dir/__/FreeRTOS-Kernel/tasks.c.o
 .data.striped_spin_lock_num
                0x00000000200081cc        0x1 CMakeFiles/pico_vpx.dir/opt/pico-sdk/src/rp2_common/hardware_sync/sync.c.o
 *fill*         0x00000000200081cd        0x3 
 .data          0x00000000200081d0       0x48 CMakeFiles/pico_vpx.dir/opt/pico-sdk/src/rp2_common/hardware_irq/irq_handler_chain.S.o
                0x00000000200081d0                irq_handler_chain_slots
                0x0000000020008200                irq_handler_chain_first_slot
                0x000000002000820a                irq_handler_chain_remove_tail
 .data.default_alarm_pool
                0x0000000020008218       0x18 CMakeFiles/pico_vpx.dir/opt/pico-sdk/src/common/pico_time/time.c.o
 .data._usbd_qdef
                0x0000000020008230        0xc CMakeFiles/pico_vpx.dir/opt/pico-sdk/lib/tinyusb/src/device/usbd.c.o
                0x0000000020008230                _usbd_qdef
 .data._usbd_rhport
                0x000000002000823c        0x1 CMakeFiles/pico_vpx.dir/opt/pico-sdk/lib/tinyusb/src/device/usbd.c.o
 *(.sdata*)
                0x0000000020008240                . = ALIGN (0x4)
 *fill*         0x000000002000823d        0x3 
 *(.after_data.*)
                0x0000000020008240                . = ALIGN (0x4)
                0x0000000020008240                PROVIDE (__mutex_array_start = .)
 *(SORT_BY_NAME(.mutex_array.*))
 *(.mutex_array)
 .mutex_array   0x0000000020008240        0x8 CMakeFiles/pico_vpx.dir/opt/pico-sdk/src/rp2_common/pico_malloc/malloc.c.o
 .mutex_array   0x0000000020008248        0x8 CMakeFiles/pico_vpx.dir/opt/pico-sdk/src/rp2_common/pico_stdio/stdio.c.o
                0x0000000020008250                PROVIDE (__mutex_array_end = .)
                0x0000000020008250                . = ALIGN (0x4)
                0x0000000020008250                PROVIDE (__preinit_array_start = .)
 *(SORT_BY_NAME(.preinit_array.*))
 .preinit_array.00050
                0x0000000020008250        0x4 CMakeFiles/pico_vpx.dir/opt/pico-sdk/src/rp2_common/pico_runtime_init/runtime_init.c.o
                0x0000000020008250                __pre_init_runtime_init_bootrom_reset
 .preinit_array.00100
                0x0000000020008254        0x4 CMakeFiles/pico_vpx.dir/opt/pico-sdk/src/rp2_common/pico_runtime_init/runtime_init.c.o
                0x0000000020008254                __pre_init_runtime_init_early_resets
 .preinit_array.00101
                0x0000000020008258        0x4 CMakeFiles/pico_vpx.dir/opt/pico-sdk/src/rp2_common/pico_runtime_init/runtime_init.c.o
                0x0000000020008258                __pre_init_runtime_init_usb_power_down
 .preinit_array.00500
                0x000000002000825c        0x4 CMakeFiles/pico_vpx.dir/opt/pico-sdk/src/rp2_common/pico_runtime_init/runtime_init.c.o
                0x000000002000825c                __pre_init_runtime_init_clocks
 .preinit_array.00600
                0x0000000020008260        0x4 CMakeFiles/pico_vpx.dir/opt/pico-sdk/src/rp2_common/pico_runtime_init/runtime_init.c.o
                0x0000000020008260                __pre_init_runtime_init_post_clock_resets
 .preinit_array.01000
                0x0000000020008264        0x4 CMakeFiles/pico_vpx.dir/opt/pico-sdk/src/rp2_common/hardware_boot_lock/boot_lock.c.o
                0x0000000020008264                __pre_init_runtime_init_boot_locks_reset
 .preinit_array.01000
                0x0000000020008268        0x4 CMakeFiles/pico_vpx.dir/opt/pico-sdk/src/rp2_common/pico_runtime_init/runtime_init.c.o
                0x0000000020008268                __pre_init_runtime_init_spin_locks_reset
 .preinit_array.01010
                0x000000002000826c        0x4 CMakeFiles/pico_vpx.dir/opt/pico-sdk/src/rp2_common/pico_bootrom/bootrom_lock.c.o
                0x000000002000826c                __pre_init_runtime_init_bootrom_locking_enable
 .preinit_array.01100
                0x0000000020008270        0x4 CMakeFiles/pico_vpx.dir/opt/pico-sdk/src/common/pico_sync/mutex.c.o
                0x0000000020008270                __pre_init_runtime_init_mutex
 .preinit_array.11000
                0x0000000020008274        0x4 CMakeFiles/pico_vpx.dir/opt/pico-sdk/src/common/pico_time/time.c.o
                0x0000000020008274                __pre_init_runtime_init_default_alarm_pool
 .preinit_array.YYYYY
                0x0000000020008278        0x4 CMakeFiles/pico_vpx.dir/opt/pico-sdk/src/rp2_common/pico_runtime/runtime.c.o
                0x0000000020008278                __pre_init_first_per_core_initializer
 .preinit_array.ZZZZZ.00051
                0x000000002000827c        0x4 CMakeFiles/pico_vpx.dir/opt/pico-sdk/src/rp2_common/pico_runtime_init/runtime_init.c.o
                0x000000002000827c                __pre_init_runtime_init_per_core_bootrom_reset
 .preinit_array.ZZZZZ.00200
                0x0000000020008280        0x4 CMakeFiles/pico_vpx.dir/opt/pico-sdk/src/rp2_common/pico_runtime_init/runtime_init.c.o
                0x0000000020008280                __pre_init_runtime_init_per_core_enable_coprocessors
 .preinit_array.ZZZZZ.01000
                0x0000000020008284        0x4 CMakeFiles/pico_vpx.dir/opt/pico-sdk/src/rp2_common/hardware_sync_spin_lock/sync_spin_lock.c.o
                0x0000000020008284                __pre_init_spinlock_set_extexclall
 .preinit_array.ZZZZZ.01200
                0x0000000020008288        0x4 CMakeFiles/pico_vpx.dir/opt/pico-sdk/src/rp2_common/hardware_irq/irq.c.o
                0x0000000020008288                __pre_init_runtime_init_per_core_irq_priorities
 *(.preinit_array)
                0x000000002000828c                PROVIDE (__preinit_array_end = .)
                0x000000002000828c                . = ALIGN (0x4)
                0x000000002000828c                PROVIDE (__init_array_start = .)
 *(SORT_BY_NAME(.init_array.*))
 .init_array.01000
                0x000000002000828c        0x4 CMakeFiles/pico_vpx.dir/opt/pico-sdk/src/rp2_common/pico_unique_id/unique_id.c.o
 *(.init_array)
 .init_array    0x0000000020008290        0x4 CMakeFiles/pico_vpx.dir/main/main.cpp.o
 .init_array    0x0000000020008294        0x4 CMakeFiles/pico_vpx.dir/__/FreeRTOS-Kernel/portable/ThirdParty/Community-Supported-Ports/GCC/RP2350_ARM_NTZ/non_secure/port.c.o
                0x0000000020008298                PROVIDE (__init_array_end = .)
                0x0000000020008298                . = ALIGN (0x4)
                [!provide]                        PROVIDE (__fini_array_start = .)
 *(SORT_BY_NAME(.fini_array.*))
 *(.fini_array)
                [!provide]                        PROVIDE (__fini_array_end = .)
 *(.jcr)
                0x0000000020008298                . = ALIGN (0x4)

.igot.plt       0x0000000020008298        0x0
 .igot.plt      0x0000000020008298        0x0 CMakeFiles/pico_vpx.dir/main/client_map.cpp.o

.tdata          0x0000000020008298        0x0
                0x0000000020008298                . = ALIGN (0x4)
 *(.tdata .tdata.* .gnu.linkonce.td.*)
                0x0000000020008298                __tdata_end = .
                0x0000000020008298                PROVIDE (__data_end__ = .)

.uninitialized_data
                0x0000000020008298        0x0
                0x0000000020008298                . = ALIGN (0x4)
 *(.uninitialized_data*)
                0x0000000020008194                __etext = LOADADDR (.data)

.tbss           0x0000000020008298        0x0
                0x0000000020008298                . = ALIGN (0x4)
                0x0000000020008298                __bss_start__ = .
                0x0000000020008298                __tls_base = .
 *(.tbss .tbss.* .gnu.linkonce.tb.*)
 *(.tcommon)
                0x0000000020008298                __tls_end = .

.bss            0x0000000020008298    0x688c8
                0x0000000020008298                . = ALIGN (0x4)
                0x0000000020008298                __tbss_end = .
 *(SORT_BY_ALIGNMENT(SORT_BY_NAME(.bss*)))
 .bss.default_alarm_pool_entries
                0x0000000020008298      0x180 CMakeFiles/pico_vpx.dir/opt/pico-sdk/src/common/pico_time/time.c.o
 .bss.xQueueRegistry
                0x0000000020008418       0x40 CMakeFiles/pico_vpx.dir/__/FreeRTOS-Kernel/queue.c.o
                0x0000000020008418                xQueueRegistry
 .bss._ZL13page_dest_ptr
                0x0000000020008458        0x4 CMakeFiles/pico_vpx.dir/modules/communication/usb_comm.cpp.o
 .bss._ZL15transfer_offset
                0x000000002000845c        0x4 CMakeFiles/pico_vpx.dir/modules/communication/usb_comm.cpp.o
 .bss._app_driver
                0x0000000020008460        0x4 CMakeFiles/pico_vpx.dir/opt/pico-sdk/lib/tinyusb/src/device/usbd.c.o
 .bss._ctrl_epbuf
                0x0000000020008464       0x40 CMakeFiles/pico_vpx.dir/opt/pico-sdk/lib/tinyusb/src/device/usbd_control.c.o
 .bss._ctrl_xfer
                0x00000000200084a4       0x14 CMakeFiles/pico_vpx.dir/opt/pico-sdk/lib/tinyusb/src/device/usbd_control.c.o
 .bss._desc_str.0
                0x00000000200084b8       0x42 CMakeFiles/pico_vpx.dir/usb_descriptors.c.o
 *fill*         0x00000000200084fa        0x2 
 .bss._sw_spin_locks
                0x00000000200084fc       0x20 CMakeFiles/pico_vpx.dir/opt/pico-sdk/src/rp2_common/hardware_sync_spin_lock/sync_spin_lock.c.o
                0x00000000200084fc                _sw_spin_locks
 .bss._tusb_rhport_role
                0x000000002000851c        0x2 CMakeFiles/pico_vpx.dir/opt/pico-sdk/lib/tinyusb/src/tusb.c.o
                0x000000002000851c                _tusb_rhport_role
 *fill*         0x000000002000851e        0x2 
 .bss._usbd_dev
                0x0000000020008520       0x54 CMakeFiles/pico_vpx.dir/opt/pico-sdk/lib/tinyusb/src/device/usbd.c.o
 .bss._usbd_mutex
                0x0000000020008574        0x4 CMakeFiles/pico_vpx.dir/opt/pico-sdk/lib/tinyusb/src/device/usbd.c.o
 .bss._usbd_q   0x0000000020008578        0x4 CMakeFiles/pico_vpx.dir/opt/pico-sdk/lib/tinyusb/src/device/usbd.c.o
 .bss._usbd_qdef_buf
                0x000000002000857c       0xc0 CMakeFiles/pico_vpx.dir/opt/pico-sdk/lib/tinyusb/src/device/usbd.c.o
 .bss._vendord_epbuf
                0x000000002000863c       0x80 CMakeFiles/pico_vpx.dir/opt/pico-sdk/lib/tinyusb/src/class/vendor/vendor_device.c.o
 .bss._vendord_itf
                0x00000000200086bc     0x20c4 CMakeFiles/pico_vpx.dir/opt/pico-sdk/lib/tinyusb/src/class/vendor/vendor_device.c.o
 .bss.claimed   0x000000002000a780        0x4 CMakeFiles/pico_vpx.dir/opt/pico-sdk/src/rp2_common/hardware_sync/sync.c.o
 .bss.claimed   0x000000002000a784        0x2 CMakeFiles/pico_vpx.dir/opt/pico-sdk/src/rp2_common/hardware_timer/timer.c.o
 *fill*         0x000000002000a786        0x2 
 .bss.client_task_tcb
                0x000000002000a788        0x4 CMakeFiles/pico_vpx.dir/main/client_map.cpp.o
                0x000000002000a788                client_task_tcb
 .bss.configured_freq
                0x000000002000a78c       0x28 CMakeFiles/pico_vpx.dir/opt/pico-sdk/src/rp2_common/hardware_clocks/clocks.c.o
 .bss.doorbell_claimed
                0x000000002000a7b4        0x2 CMakeFiles/pico_vpx.dir/opt/pico-sdk/src/rp2_common/pico_multicore/multicore.c.o
 *fill*         0x000000002000a7b6        0x2 
 .bss.drivers   0x000000002000a7b8        0x4 CMakeFiles/pico_vpx.dir/opt/pico-sdk/src/rp2_common/pico_stdio/stdio.c.o
 .bss.e15_last_sof
                0x000000002000a7bc        0x4 CMakeFiles/pico_vpx.dir/opt/pico-sdk/lib/tinyusb/src/portable/raspberrypi/rp2040/rp2040_usb.c.o
                0x000000002000a7bc                e15_last_sof
 .bss.external_memory
                0x000000002000a7c0       0x2c CMakeFiles/pico_vpx.dir/main/main.cpp.o
                0x000000002000a7c0                external_memory
 .bss.filter    0x000000002000a7ec        0x4 CMakeFiles/pico_vpx.dir/opt/pico-sdk/src/rp2_common/pico_stdio/stdio.c.o
 .bss.hw_endpoints
                0x000000002000a7f0      0x400 CMakeFiles/pico_vpx.dir/opt/pico-sdk/lib/tinyusb/src/portable/raspberrypi/rp2040/dcd_rp2040.c.o
 .bss.lazy_vsnprintf
                0x000000002000abf0        0x4 CMakeFiles/pico_vpx.dir/opt/pico-sdk/src/rp2_common/pico_printf/printf.c.o
 .bss.lockout_victim_initialized
                0x000000002000abf4        0x2 CMakeFiles/pico_vpx.dir/opt/pico-sdk/src/rp2_common/pico_multicore/multicore.c.o
 *fill*         0x000000002000abf6        0x2 
 .bss.next_buffer_ptr
                0x000000002000abf8        0x4 CMakeFiles/pico_vpx.dir/opt/pico-sdk/lib/tinyusb/src/portable/raspberrypi/rp2040/dcd_rp2040.c.o
 .bss.pools     0x000000002000abfc       0x20 CMakeFiles/pico_vpx.dir/opt/pico-sdk/src/common/pico_time/time.c.o
 .bss.pxCurrentTCBs
                0x000000002000ac1c        0x8 CMakeFiles/pico_vpx.dir/__/FreeRTOS-Kernel/tasks.c.o
                0x000000002000ac1c                pxCurrentTCBs
 .bss.pxCurrentTimerList
                0x000000002000ac24        0x4 CMakeFiles/pico_vpx.dir/__/FreeRTOS-Kernel/timers.c.o
 .bss.pxDelayedTaskList
                0x000000002000ac28        0x4 CMakeFiles/pico_vpx.dir/__/FreeRTOS-Kernel/tasks.c.o
 .bss.pxEnd     0x000000002000ac2c        0x4 CMakeFiles/pico_vpx.dir/__/FreeRTOS-Kernel/portable/MemMang/heap_4.c.o
 .bss.pxOverflowDelayedTaskList
                0x000000002000ac30        0x4 CMakeFiles/pico_vpx.dir/__/FreeRTOS-Kernel/tasks.c.o
 .bss.pxOverflowTimerList
                0x000000002000ac34        0x4 CMakeFiles/pico_vpx.dir/__/FreeRTOS-Kernel/timers.c.o
 .bss.pxReadyTasksLists
                0x000000002000ac38      0x280 CMakeFiles/pico_vpx.dir/__/FreeRTOS-Kernel/tasks.c.o
 .bss.retrieved_id
                0x000000002000aeb8        0x8 CMakeFiles/pico_vpx.dir/opt/pico-sdk/src/rp2_common/pico_unique_id/unique_id.c.o
 .bss.sleep_notifier
                0x000000002000aec0        0x4 CMakeFiles/pico_vpx.dir/opt/pico-sdk/src/common/pico_time/time.c.o
 .bss.ucHeap    0x000000002000aec4    0x20000 CMakeFiles/pico_vpx.dir/__/FreeRTOS-Kernel/portable/MemMang/heap_4.c.o
 .bss.ucOwnedByCore.1
                0x000000002002aec4        0x4 CMakeFiles/pico_vpx.dir/__/FreeRTOS-Kernel/tasks.c.o
 .bss.ucRecursionCountByLock.0
                0x000000002002aec8        0x2 CMakeFiles/pico_vpx.dir/__/FreeRTOS-Kernel/tasks.c.o
 *fill*         0x000000002002aeca        0x2 
 .bss.ulCriticalNestings
                0x000000002002aecc        0x8 CMakeFiles/pico_vpx.dir/__/FreeRTOS-Kernel/portable/ThirdParty/Community-Supported-Ports/GCC/RP2350_ARM_NTZ/non_secure/port.c.o
                0x000000002002aecc                ulCriticalNestings
 .bss.ulMaxPRIGROUPValue
                0x000000002002aed4        0x4 CMakeFiles/pico_vpx.dir/__/FreeRTOS-Kernel/portable/ThirdParty/Community-Supported-Ports/GCC/RP2350_ARM_NTZ/non_secure/port.c.o
 .bss.usb_device_task_tcb
                0x000000002002aed8        0x4 CMakeFiles/pico_vpx.dir/modules/communication/usb_comm.cpp.o
                0x000000002002aed8                usb_device_task_tcb
 .bss.uxCurrentNumberOfTasks
                0x000000002002aedc        0x4 CMakeFiles/pico_vpx.dir/__/FreeRTOS-Kernel/tasks.c.o
 .bss.uxDeletedTasksWaitingCleanUp
                0x000000002002aee0        0x4 CMakeFiles/pico_vpx.dir/__/FreeRTOS-Kernel/tasks.c.o
 .bss.uxSchedulerSuspended
                0x000000002002aee4        0x4 CMakeFiles/pico_vpx.dir/__/FreeRTOS-Kernel/tasks.c.o
 .bss.uxTaskNumber
                0x000000002002aee8        0x4 CMakeFiles/pico_vpx.dir/__/FreeRTOS-Kernel/tasks.c.o
 .bss.uxTopReadyPriority
                0x000000002002aeec        0x4 CMakeFiles/pico_vpx.dir/__/FreeRTOS-Kernel/tasks.c.o
 .bss.vmm       0x000000002002aef0    0x45b90 CMakeFiles/pico_vpx.dir/main/main.cpp.o
                0x000000002002aef0                vmm
 .bss.xActiveTimerList1
                0x0000000020070a80       0x14 CMakeFiles/pico_vpx.dir/__/FreeRTOS-Kernel/timers.c.o
 .bss.xActiveTimerList2
                0x0000000020070a94       0x14 CMakeFiles/pico_vpx.dir/__/FreeRTOS-Kernel/timers.c.o
 .bss.xDelayedTaskList1
                0x0000000020070aa8       0x14 CMakeFiles/pico_vpx.dir/__/FreeRTOS-Kernel/tasks.c.o
 .bss.xDelayedTaskList2
                0x0000000020070abc       0x14 CMakeFiles/pico_vpx.dir/__/FreeRTOS-Kernel/tasks.c.o
 .bss.xEventGroup
                0x0000000020070ad0        0x4 CMakeFiles/pico_vpx.dir/__/FreeRTOS-Kernel/portable/ThirdParty/Community-Supported-Ports/GCC/RP2350_ARM_NTZ/non_secure/port.c.o
 .bss.xFreeBytesRemaining
                0x0000000020070ad4        0x4 CMakeFiles/pico_vpx.dir/__/FreeRTOS-Kernel/portable/MemMang/heap_4.c.o
 .bss.xIdleTaskHandles
                0x0000000020070ad8        0x8 CMakeFiles/pico_vpx.dir/__/FreeRTOS-Kernel/tasks.c.o
 .bss.xLastTime.0
                0x0000000020070ae0        0x4 CMakeFiles/pico_vpx.dir/__/FreeRTOS-Kernel/timers.c.o
 .bss.xMinimumEverFreeBytesRemaining
                0x0000000020070ae4        0x4 CMakeFiles/pico_vpx.dir/__/FreeRTOS-Kernel/portable/MemMang/heap_4.c.o
 .bss.xNextTaskUnblockTime
                0x0000000020070ae8        0x4 CMakeFiles/pico_vpx.dir/__/FreeRTOS-Kernel/tasks.c.o
 .bss.xNumOfOverflows
                0x0000000020070aec        0x4 CMakeFiles/pico_vpx.dir/__/FreeRTOS-Kernel/tasks.c.o
 .bss.xNumberOfSuccessfulAllocations
                0x0000000020070af0        0x4 CMakeFiles/pico_vpx.dir/__/FreeRTOS-Kernel/portable/MemMang/heap_4.c.o
 .bss.xNumberOfSuccessfulFrees
                0x0000000020070af4        0x4 CMakeFiles/pico_vpx.dir/__/FreeRTOS-Kernel/portable/MemMang/heap_4.c.o
 .bss.xPendedTicks
                0x0000000020070af8        0x4 CMakeFiles/pico_vpx.dir/__/FreeRTOS-Kernel/tasks.c.o
 .bss.xPendingReadyList
                0x0000000020070afc       0x14 CMakeFiles/pico_vpx.dir/__/FreeRTOS-Kernel/tasks.c.o
 .bss.xSchedulerRunning
                0x0000000020070b10        0x4 CMakeFiles/pico_vpx.dir/__/FreeRTOS-Kernel/tasks.c.o
 .bss.xStart    0x0000000020070b14        0x8 CMakeFiles/pico_vpx.dir/__/FreeRTOS-Kernel/portable/MemMang/heap_4.c.o
 .bss.xSuspendedTaskList
                0x0000000020070b1c       0x14 CMakeFiles/pico_vpx.dir/__/FreeRTOS-Kernel/tasks.c.o
 .bss.xTasksWaitingTermination
                0x0000000020070b30       0x14 CMakeFiles/pico_vpx.dir/__/FreeRTOS-Kernel/tasks.c.o
 .bss.xTickCount
                0x0000000020070b44        0x4 CMakeFiles/pico_vpx.dir/__/FreeRTOS-Kernel/tasks.c.o
 .bss.xTimerQueue
                0x0000000020070b48        0x4 CMakeFiles/pico_vpx.dir/__/FreeRTOS-Kernel/timers.c.o
 .bss.xTimerTaskHandle
                0x0000000020070b4c        0x4 CMakeFiles/pico_vpx.dir/__/FreeRTOS-Kernel/timers.c.o
 .bss.xYieldPendings
                0x0000000020070b50        0x8 CMakeFiles/pico_vpx.dir/__/FreeRTOS-Kernel/tasks.c.o
 .bss._ZL14data_receiving
                0x0000000020070b58        0x1 CMakeFiles/pico_vpx.dir/modules/communication/usb_comm.cpp.o
 .bss._app_driver_count
                0x0000000020070b59        0x1 CMakeFiles/pico_vpx.dir/opt/pico-sdk/lib/tinyusb/src/device/usbd.c.o
 .bss._sof_enable
                0x0000000020070b5a        0x1 CMakeFiles/pico_vpx.dir/opt/pico-sdk/lib/tinyusb/src/portable/raspberrypi/rp2040/dcd_rp2040.c.o
 .bss._usbd_queued_setup
                0x0000000020070b5b        0x1 CMakeFiles/pico_vpx.dir/opt/pico-sdk/lib/tinyusb/src/device/usbd.c.o
 .bss.irq_handler_chain_free_slot_head
                0x0000000020070b5c        0x1 CMakeFiles/pico_vpx.dir/opt/pico-sdk/src/rp2_common/hardware_irq/irq.c.o
 *(COMMON)
                [!provide]                        PROVIDE (__global_pointer$ = (. + 0x800))
 *(.sbss*)
                0x0000000020070b60                . = ALIGN (0x4)
 *fill*         0x0000000020070b5d        0x3 
                0x0000000020070b60                __bss_end__ = .

.heap           0x0000000020070b60      0x800
                0x0000000020070b60                __end__ = .
                0x0000000020070b60                end = __end__
 *(.heap*)
 .heap          0x0000000020070b60      0x800 CMakeFiles/pico_vpx.dir/opt/pico-sdk/src/rp2_common/pico_crt0/crt0.S.o
                0x0000000020080000                __HeapLimit = (ORIGIN (RAM) + LENGTH (RAM))

.scratch_x      0x0000000020080000        0x0
                0x0000000020080000                __scratch_x_start__ = .
 *(.scratch_x.*)
                0x0000000020080000                . = ALIGN (0x4)
                0x0000000020080000                __scratch_x_end__ = .
                0x0000000020080000                __scratch_x_source__ = LOADADDR (.scratch_x)

.scratch_y      0x0000000020081000        0x0
                0x0000000020081000                __scratch_y_start__ = .
 *(.scratch_y.*)
                0x0000000020081000                . = ALIGN (0x4)
                0x0000000020081000                __scratch_y_end__ = .
                0x0000000020081000                __scratch_y_source__ = LOADADDR (.scratch_y)

.stack1_dummy   0x0000000020080000      0x800
 *(.stack1*)
 .stack1        0x0000000020080000      0x800 CMakeFiles/pico_vpx.dir/opt/pico-sdk/src/rp2_common/pico_multicore/multicore.c.o

.stack_dummy    0x0000000020081000      0x800
 *(.stack*)
 .stack         0x0000000020081000      0x800 CMakeFiles/pico_vpx.dir/opt/pico-sdk/src/rp2_common/pico_crt0/crt0.S.o
                0x0000000020080000                __StackLimit = (ORIGIN (RAM) + LENGTH (RAM))
                0x0000000020081000                __StackOneTop = (ORIGIN (SCRATCH_X) + LENGTH (SCRATCH_X))
                0x0000000020082000                __StackTop = (ORIGIN (SCRATCH_Y) + LENGTH (SCRATCH_Y))
                0x0000000020080800                __StackOneBottom = (__StackOneTop - SIZEOF (.stack1_dummy))
                0x0000000020081800                __StackBottom = (__StackTop - SIZEOF (.stack_dummy))
                [!provide]                        PROVIDE (__stack = __StackTop)
                [!provide]                        PROVIDE (__heap_start = __end__)
                [!provide]                        PROVIDE (__heap_end = __HeapLimit)
                [!provide]                        PROVIDE (__tls_align = MAX (ALIGNOF (.tdata), ALIGNOF (.tbss)))
                [!provide]                        PROVIDE (__tls_size_align = (((__tls_size + __tls_align) - 0x1) & ~ ((__tls_align - 0x1))))
                [!provide]                        PROVIDE (__arm32_tls_tcb_offset = MAX (0x8, __tls_align))
                [!provide]                        PROVIDE (_end = __end__)
                [!provide]                        PROVIDE (__llvm_libc_heap_limit = __HeapLimit)
                0x0000000000000001                ASSERT ((__StackLimit >= __HeapLimit), region RAM overflowed)
                0x0000000000000001                ASSERT (((__binary_info_header_end - __logical_binary_start) <= 0x400), Binary info must be in first 1024 bytes of the binary)
                0x0000000000000001                ASSERT (((__embedded_block_end - __logical_binary_start) <= 0x1000), Embedded block must be in first 4096 bytes of the binary)
LOAD CMakeFiles/pico_vpx.dir/main/client_map.cpp.o
LOAD CMakeFiles/pico_vpx.dir/main/main.cpp.o
LOAD CMakeFiles/pico_vpx.dir/modules/communication/usb_comm.cpp.o
LOAD CMakeFiles/pico_vpx.dir/modules/memory/external_memory.cpp.o
LOAD CMakeFiles/pico_vpx.dir/modules/memory/external_memory_usb.cpp.o
LOAD CMakeFiles/pico_vpx.dir/modules/memory/internal_memory.cpp.o
LOAD CMakeFiles/pico_vpx.dir/modules/pal/pal.cpp.o
LOAD CMakeFiles/pico_vpx.dir/usb_descriptors.c.o
LOAD CMakeFiles/pico_vpx.dir/__/FreeRTOS-Kernel/portable/ThirdParty/Community-Supported-Ports/GCC/RP2350_ARM_NTZ/non_secure/port.c.o
LOAD CMakeFiles/pico_vpx.dir/__/FreeRTOS-Kernel/portable/ThirdParty/Community-Supported-Ports/GCC/RP2350_ARM_NTZ/non_secure/portasm.c.o
LOAD CMakeFiles/pico_vpx.dir/__/FreeRTOS-Kernel/croutine.c.o
LOAD CMakeFiles/pico_vpx.dir/__/FreeRTOS-Kernel/event_groups.c.o
LOAD CMakeFiles/pico_vpx.dir/__/FreeRTOS-Kernel/list.c.o
LOAD CMakeFiles/pico_vpx.dir/__/FreeRTOS-Kernel/queue.c.o
LOAD CMakeFiles/pico_vpx.dir/__/FreeRTOS-Kernel/stream_buffer.c.o
LOAD CMakeFiles/pico_vpx.dir/__/FreeRTOS-Kernel/tasks.c.o
LOAD CMakeFiles/pico_vpx.dir/__/FreeRTOS-Kernel/timers.c.o
LOAD CMakeFiles/pico_vpx.dir/opt/pico-sdk/src/rp2_common/hardware_clocks/clocks.c.o
LOAD CMakeFiles/pico_vpx.dir/opt/pico-sdk/src/rp2350/pico_platform/platform.c.o
LOAD CMakeFiles/pico_vpx.dir/opt/pico-sdk/src/rp2_common/pico_platform_common/common.c.o
LOAD CMakeFiles/pico_vpx.dir/opt/pico-sdk/src/rp2_common/pico_platform_panic/panic.c.o
LOAD CMakeFiles/pico_vpx.dir/opt/pico-sdk/src/common/hardware_claim/claim.c.o
LOAD CMakeFiles/pico_vpx.dir/opt/pico-sdk/src/rp2_common/hardware_sync/sync.c.o
LOAD CMakeFiles/pico_vpx.dir/opt/pico-sdk/src/rp2_common/hardware_sync_spin_lock/sync_spin_lock.c.o
LOAD CMakeFiles/pico_vpx.dir/opt/pico-sdk/src/rp2_common/hardware_gpio/gpio.c.o
LOAD CMakeFiles/pico_vpx.dir/opt/pico-sdk/src/rp2_common/hardware_irq/irq.c.o
LOAD CMakeFiles/pico_vpx.dir/opt/pico-sdk/src/rp2_common/hardware_irq/irq_handler_chain.S.o
LOAD CMakeFiles/pico_vpx.dir/opt/pico-sdk/src/common/pico_sync/sem.c.o
LOAD CMakeFiles/pico_vpx.dir/opt/pico-sdk/src/common/pico_sync/lock_core.c.o
LOAD CMakeFiles/pico_vpx.dir/opt/pico-sdk/src/common/pico_sync/mutex.c.o
LOAD CMakeFiles/pico_vpx.dir/opt/pico-sdk/src/common/pico_sync/critical_section.c.o
LOAD CMakeFiles/pico_vpx.dir/opt/pico-sdk/src/common/pico_time/time.c.o
LOAD CMakeFiles/pico_vpx.dir/opt/pico-sdk/src/common/pico_time/timeout_helper.c.o
LOAD CMakeFiles/pico_vpx.dir/opt/pico-sdk/src/rp2_common/hardware_timer/timer.c.o
LOAD CMakeFiles/pico_vpx.dir/opt/pico-sdk/src/common/pico_util/datetime.c.o
LOAD CMakeFiles/pico_vpx.dir/opt/pico-sdk/src/common/pico_util/pheap.c.o
LOAD CMakeFiles/pico_vpx.dir/opt/pico-sdk/src/common/pico_util/queue.c.o
LOAD CMakeFiles/pico_vpx.dir/opt/pico-sdk/src/rp2_common/hardware_pll/pll.c.o
LOAD CMakeFiles/pico_vpx.dir/opt/pico-sdk/src/rp2_common/hardware_vreg/vreg.c.o
LOAD CMakeFiles/pico_vpx.dir/opt/pico-sdk/src/rp2_common/hardware_watchdog/watchdog.c.o
LOAD CMakeFiles/pico_vpx.dir/opt/pico-sdk/src/rp2_common/hardware_ticks/ticks.c.o
LOAD CMakeFiles/pico_vpx.dir/opt/pico-sdk/src/rp2_common/pico_bootrom/bootrom.c.o
LOAD CMakeFiles/pico_vpx.dir/opt/pico-sdk/src/rp2_common/pico_bootrom/bootrom_lock.c.o
LOAD CMakeFiles/pico_vpx.dir/opt/pico-sdk/src/rp2_common/hardware_boot_lock/boot_lock.c.o
LOAD CMakeFiles/pico_vpx.dir/opt/pico-sdk/src/rp2_common/pico_flash/flash.c.o
LOAD CMakeFiles/pico_vpx.dir/opt/pico-sdk/src/rp2_common/hardware_xosc/xosc.c.o
LOAD CMakeFiles/pico_vpx.dir/opt/pico-sdk/src/rp2_common/hardware_exception/exception.c.o
LOAD CMakeFiles/pico_vpx.dir/opt/pico-sdk/src/rp2_common/pico_multicore/multicore.c.o
LOAD CMakeFiles/pico_vpx.dir/opt/pico-sdk/src/rp2_common/pico_async_context/async_context_freertos.c.o
LOAD CMakeFiles/pico_vpx.dir/opt/pico-sdk/src/rp2_common/pico_async_context/async_context_base.c.o
LOAD CMakeFiles/pico_vpx.dir/__/FreeRTOS-Kernel/portable/MemMang/heap_4.c.o
LOAD CMakeFiles/pico_vpx.dir/opt/pico-sdk/src/rp2_common/pico_stdlib/stdlib.c.o
LOAD CMakeFiles/pico_vpx.dir/opt/pico-sdk/src/rp2_common/hardware_uart/uart.c.o
LOAD CMakeFiles/pico_vpx.dir/opt/pico-sdk/src/rp2_common/hardware_divider/divider.c.o
LOAD CMakeFiles/pico_vpx.dir/opt/pico-sdk/src/rp2_common/pico_runtime/runtime.c.o
LOAD CMakeFiles/pico_vpx.dir/opt/pico-sdk/src/rp2_common/pico_runtime_init/runtime_init.c.o
LOAD CMakeFiles/pico_vpx.dir/opt/pico-sdk/src/rp2_common/pico_runtime_init/runtime_init_clocks.c.o
LOAD CMakeFiles/pico_vpx.dir/opt/pico-sdk/src/rp2_common/pico_runtime_init/runtime_init_stack_guard.c.o
LOAD CMakeFiles/pico_vpx.dir/opt/pico-sdk/src/rp2_common/pico_bit_ops/bit_ops_aeabi.S.o
LOAD CMakeFiles/pico_vpx.dir/opt/pico-sdk/src/rp2_common/pico_divider/divider_compiler.c.o
LOAD CMakeFiles/pico_vpx.dir/opt/pico-sdk/src/rp2_common/pico_double/double_math.c.o
LOAD CMakeFiles/pico_vpx.dir/opt/pico-sdk/src/rp2_common/pico_double/double_aeabi_dcp.S.o
LOAD CMakeFiles/pico_vpx.dir/opt/pico-sdk/src/rp2_common/pico_double/double_fma_dcp.S.o
LOAD CMakeFiles/pico_vpx.dir/opt/pico-sdk/src/rp2_common/pico_double/double_sci_m33.S.o
LOAD CMakeFiles/pico_vpx.dir/opt/pico-sdk/src/rp2_common/pico_double/double_conv_m33.S.o
LOAD CMakeFiles/pico_vpx.dir/opt/pico-sdk/src/rp2_common/pico_float/float_math.c.o
LOAD CMakeFiles/pico_vpx.dir/opt/pico-sdk/src/rp2_common/pico_float/float_conv32_vfp.S.o
LOAD CMakeFiles/pico_vpx.dir/opt/pico-sdk/src/rp2_common/pico_float/float_common_m33.S.o
LOAD CMakeFiles/pico_vpx.dir/opt/pico-sdk/src/rp2_common/pico_float/float_sci_m33_vfp.S.o
LOAD CMakeFiles/pico_vpx.dir/opt/pico-sdk/src/rp2_common/pico_malloc/malloc.c.o
LOAD CMakeFiles/pico_vpx.dir/opt/pico-sdk/src/rp2_common/pico_atomic/atomic.c.o